[0.010s] Invoking command in '/home/robotai/ICTE4001/tb4_ws/build/tb4_cpp_prac1': CMAKE_PREFIX_PATH=${CMAKE_PREFIX_PATH}:/opt/ros/humble /usr/bin/cmake --build /home/robotai/ICTE4001/tb4_ws/build/tb4_cpp_prac1 -- -j24 -l24
[0.036s] [ 33%] Built target tb4_cpp_action_server
[0.036s] [ 66%] Built target tb4_cpp_node
[0.036s] [100%] Built target tb4_cpp_srv_server
[0.042s] Invoked command in '/home/robotai/ICTE4001/tb4_ws/build/tb4_cpp_prac1' returned '0': CMAKE_PREFIX_PATH=${CMAKE_PREFIX_PATH}:/opt/ros/humble /usr/bin/cmake --build /home/robotai/ICTE4001/tb4_ws/build/tb4_cpp_prac1 -- -j24 -l24
[0.058s] Invoking command in '/home/robotai/ICTE4001/tb4_ws/build/tb4_cpp_prac1': CMAKE_PREFIX_PATH=${CMAKE_PREFIX_PATH}:/opt/ros/humble /usr/bin/cmake --install /home/robotai/ICTE4001/tb4_ws/build/tb4_cpp_prac1
[0.062s] -- Install configuration: ""
[0.062s] -- Up-to-date: /home/robotai/ICTE4001/tb4_ws/install/tb4_cpp_prac1/lib/tb4_cpp_prac1/tb4_cpp_node
[0.064s] -- Up-to-date: /home/robotai/ICTE4001/tb4_ws/install/tb4_cpp_prac1/lib/tb4_cpp_prac1/tb4_cpp_srv_server
[0.065s] -- Up-to-date: /home/robotai/ICTE4001/tb4_ws/install/tb4_cpp_prac1/lib/tb4_cpp_prac1/tb4_cpp_action_server
[0.065s] -- Up-to-date: /home/robotai/ICTE4001/tb4_ws/install/tb4_cpp_prac1/share/ament_index/resource_index/package_run_dependencies/tb4_cpp_prac1
[0.065s] -- Up-to-date: /home/robotai/ICTE4001/tb4_ws/install/tb4_cpp_prac1/share/ament_index/resource_index/parent_prefix_path/tb4_cpp_prac1
[0.065s] -- Up-to-date: /home/robotai/ICTE4001/tb4_ws/install/tb4_cpp_prac1/share/tb4_cpp_prac1/environment/ament_prefix_path.sh
[0.065s] -- Up-to-date: /home/robotai/ICTE4001/tb4_ws/install/tb4_cpp_prac1/share/tb4_cpp_prac1/environment/ament_prefix_path.dsv
[0.065s] -- Up-to-date: /home/robotai/ICTE4001/tb4_ws/install/tb4_cpp_prac1/share/tb4_cpp_prac1/environment/path.sh
[0.065s] -- Up-to-date: /home/robotai/ICTE4001/tb4_ws/install/tb4_cpp_prac1/share/tb4_cpp_prac1/environment/path.dsv
[0.066s] -- Up-to-date: /home/robotai/ICTE4001/tb4_ws/install/tb4_cpp_prac1/share/tb4_cpp_prac1/local_setup.bash
[0.066s] -- Up-to-date: /home/robotai/ICTE4001/tb4_ws/install/tb4_cpp_prac1/share/tb4_cpp_prac1/local_setup.sh
[0.066s] -- Up-to-date: /home/robotai/ICTE4001/tb4_ws/install/tb4_cpp_prac1/share/tb4_cpp_prac1/local_setup.zsh
[0.066s] -- Up-to-date: /home/robotai/ICTE4001/tb4_ws/install/tb4_cpp_prac1/share/tb4_cpp_prac1/local_setup.dsv
[0.066s] -- Installing: /home/robotai/ICTE4001/tb4_ws/install/tb4_cpp_prac1/share/tb4_cpp_prac1/package.dsv
[0.067s] -- Up-to-date: /home/robotai/ICTE4001/tb4_ws/install/tb4_cpp_prac1/share/ament_index/resource_index/packages/tb4_cpp_prac1
[0.067s] -- Up-to-date: /home/robotai/ICTE4001/tb4_ws/install/tb4_cpp_prac1/share/tb4_cpp_prac1/cmake/tb4_cpp_prac1Config.cmake
[0.067s] -- Up-to-date: /home/robotai/ICTE4001/tb4_ws/install/tb4_cpp_prac1/share/tb4_cpp_prac1/cmake/tb4_cpp_prac1Config-version.cmake
[0.067s] -- Up-to-date: /home/robotai/ICTE4001/tb4_ws/install/tb4_cpp_prac1/share/tb4_cpp_prac1/package.xml
[0.067s] Invoked command in '/home/robotai/ICTE4001/tb4_ws/build/tb4_cpp_prac1' returned '0': CMAKE_PREFIX_PATH=${CMAKE_PREFIX_PATH}:/opt/ros/humble /usr/bin/cmake --install /home/robotai/ICTE4001/tb4_ws/build/tb4_cpp_prac1
