[0.007s] Invoking command in '/home/robotai/ICTE4001/tb4_ws/build/diff_drive_robot_gz_sim': CMAKE_PREFIX_PATH=${CMAKE_PREFIX_PATH}:/opt/ros/humble /usr/bin/cmake --build /home/robotai/ICTE4001/tb4_ws/build/diff_drive_robot_gz_sim -- -j24 -l24
[0.028s] Invoked command in '/home/robotai/ICTE4001/tb4_ws/build/diff_drive_robot_gz_sim' returned '0': CMAKE_PREFIX_PATH=${CMAKE_PREFIX_PATH}:/opt/ros/humble /usr/bin/cmake --build /home/robotai/ICTE4001/tb4_ws/build/diff_drive_robot_gz_sim -- -j24 -l24
[0.049s] Invoking command in '/home/robotai/ICTE4001/tb4_ws/build/diff_drive_robot_gz_sim': CMAKE_PREFIX_PATH=${CMAKE_PREFIX_PATH}:/opt/ros/humble /usr/bin/cmake --install /home/robotai/ICTE4001/tb4_ws/build/diff_drive_robot_gz_sim
[0.053s] -- Install configuration: ""
[0.053s] -- Up-to-date: /home/robotai/ICTE4001/tb4_ws/install/diff_drive_robot_gz_sim/share/diff_drive_robot_gz_sim//launch
[0.053s] -- Up-to-date: /home/robotai/ICTE4001/tb4_ws/install/diff_drive_robot_gz_sim/share/diff_drive_robot_gz_sim//launch/MRobot_base.launch.py
[0.053s] -- Up-to-date: /home/robotai/ICTE4001/tb4_ws/install/diff_drive_robot_gz_sim/share/diff_drive_robot_gz_sim//launch/ros_gz_bridge.launch.py
[0.053s] -- Up-to-date: /home/robotai/ICTE4001/tb4_ws/install/diff_drive_robot_gz_sim/share/diff_drive_robot_gz_sim//launch/MRobot_control.launch.py
[0.053s] -- Up-to-date: /home/robotai/ICTE4001/tb4_ws/install/diff_drive_robot_gz_sim/share/diff_drive_robot_gz_sim//launch/MRobot_sensor.launch.py
[0.053s] -- Up-to-date: /home/robotai/ICTE4001/tb4_ws/install/diff_drive_robot_gz_sim/share/diff_drive_robot_gz_sim//config
[0.053s] -- Up-to-date: /home/robotai/ICTE4001/tb4_ws/install/diff_drive_robot_gz_sim/share/diff_drive_robot_gz_sim//config/mobile_base_control.yaml
[0.053s] -- Up-to-date: /home/robotai/ICTE4001/tb4_ws/install/diff_drive_robot_gz_sim/share/diff_drive_robot_gz_sim//urdf
[0.053s] -- Up-to-date: /home/robotai/ICTE4001/tb4_ws/install/diff_drive_robot_gz_sim/share/diff_drive_robot_gz_sim//urdf/ICTE4001_MRobot_sensor.urdf.xacro
[0.053s] -- Up-to-date: /home/robotai/ICTE4001/tb4_ws/install/diff_drive_robot_gz_sim/share/diff_drive_robot_gz_sim//urdf/ICTE4001_MRobot_control.urdf.xacro
[0.053s] -- Up-to-date: /home/robotai/ICTE4001/tb4_ws/install/diff_drive_robot_gz_sim/share/diff_drive_robot_gz_sim//urdf/ICTE4001_MRobot_base.urdf.xacro
[0.053s] -- Up-to-date: /home/robotai/ICTE4001/tb4_ws/install/diff_drive_robot_gz_sim/share/diff_drive_robot_gz_sim//rviz
[0.053s] -- Up-to-date: /home/robotai/ICTE4001/tb4_ws/install/diff_drive_robot_gz_sim/share/diff_drive_robot_gz_sim//rviz/view_robot.rviz
[0.053s] -- Up-to-date: /home/robotai/ICTE4001/tb4_ws/install/diff_drive_robot_gz_sim/share/diff_drive_robot_gz_sim//rviz/view_robot_sensor.rviz
[0.054s] -- Up-to-date: /home/robotai/ICTE4001/tb4_ws/install/diff_drive_robot_gz_sim/share/ament_index/resource_index/package_run_dependencies/diff_drive_robot_gz_sim
[0.054s] -- Up-to-date: /home/robotai/ICTE4001/tb4_ws/install/diff_drive_robot_gz_sim/share/ament_index/resource_index/parent_prefix_path/diff_drive_robot_gz_sim
[0.055s] -- Up-to-date: /home/robotai/ICTE4001/tb4_ws/install/diff_drive_robot_gz_sim/share/diff_drive_robot_gz_sim/environment/ament_prefix_path.sh
[0.055s] -- Up-to-date: /home/robotai/ICTE4001/tb4_ws/install/diff_drive_robot_gz_sim/share/diff_drive_robot_gz_sim/environment/ament_prefix_path.dsv
[0.055s] -- Up-to-date: /home/robotai/ICTE4001/tb4_ws/install/diff_drive_robot_gz_sim/share/diff_drive_robot_gz_sim/environment/path.sh
[0.055s] -- Up-to-date: /home/robotai/ICTE4001/tb4_ws/install/diff_drive_robot_gz_sim/share/diff_drive_robot_gz_sim/environment/path.dsv
[0.055s] -- Up-to-date: /home/robotai/ICTE4001/tb4_ws/install/diff_drive_robot_gz_sim/share/diff_drive_robot_gz_sim/local_setup.bash
[0.055s] -- Up-to-date: /home/robotai/ICTE4001/tb4_ws/install/diff_drive_robot_gz_sim/share/diff_drive_robot_gz_sim/local_setup.sh
[0.055s] -- Up-to-date: /home/robotai/ICTE4001/tb4_ws/install/diff_drive_robot_gz_sim/share/diff_drive_robot_gz_sim/local_setup.zsh
[0.055s] -- Up-to-date: /home/robotai/ICTE4001/tb4_ws/install/diff_drive_robot_gz_sim/share/diff_drive_robot_gz_sim/local_setup.dsv
[0.055s] -- Installing: /home/robotai/ICTE4001/tb4_ws/install/diff_drive_robot_gz_sim/share/diff_drive_robot_gz_sim/package.dsv
[0.055s] -- Up-to-date: /home/robotai/ICTE4001/tb4_ws/install/diff_drive_robot_gz_sim/share/ament_index/resource_index/packages/diff_drive_robot_gz_sim
[0.055s] -- Up-to-date: /home/robotai/ICTE4001/tb4_ws/install/diff_drive_robot_gz_sim/share/diff_drive_robot_gz_sim/cmake/diff_drive_robot_gz_simConfig.cmake
[0.055s] -- Up-to-date: /home/robotai/ICTE4001/tb4_ws/install/diff_drive_robot_gz_sim/share/diff_drive_robot_gz_sim/cmake/diff_drive_robot_gz_simConfig-version.cmake
[0.055s] -- Up-to-date: /home/robotai/ICTE4001/tb4_ws/install/diff_drive_robot_gz_sim/share/diff_drive_robot_gz_sim/package.xml
[0.056s] Invoked command in '/home/robotai/ICTE4001/tb4_ws/build/diff_drive_robot_gz_sim' returned '0': CMAKE_PREFIX_PATH=${CMAKE_PREFIX_PATH}:/opt/ros/humble /usr/bin/cmake --install /home/robotai/ICTE4001/tb4_ws/build/diff_drive_robot_gz_sim
