[0.007s] Invoking command in '/home/robotai/ICTE4001/tb4_ws/build/tb4_cpp_prac1': CMAKE_PREFIX_PATH=/opt/ros/humble /usr/bin/cmake /home/robotai/ICTE4001/tb4_ws/src/tb4_cpp_prac1 -DCMAKE_INSTALL_PREFIX=/home/robotai/ICTE4001/tb4_ws/install/tb4_cpp_prac1
[0.033s] -- The C compiler identification is GNU 11.4.0
[0.061s] -- The CXX compiler identification is GNU 11.4.0
[0.065s] -- Detecting C compiler ABI info
[0.096s] -- Detecting C compiler ABI info - done
[0.099s] -- Check for working C compiler: /usr/bin/cc - skipped
[0.099s] -- Detecting C compile features
[0.099s] -- Detecting C compile features - done
[0.100s] -- Detecting CXX compiler ABI info
[0.138s] -- Detecting CXX compiler ABI info - done
[0.141s] -- Check for working CXX compiler: /usr/bin/c++ - skipped
[0.141s] -- Detecting CXX compile features
[0.142s] -- Detecting CXX compile features - done
[0.143s] -- Found ament_cmake: 1.3.9 (/opt/ros/humble/share/ament_cmake/cmake)
[0.211s] -- Found Python3: /usr/bin/python3 (found version "3.10.12") found components: Interpreter 
[0.252s] -- Found rclcpp: 16.0.9 (/opt/ros/humble/share/rclcpp/cmake)
[0.268s] -- Found rosidl_generator_c: 3.1.5 (/opt/ros/humble/share/rosidl_generator_c/cmake)
[0.269s] -- Found rosidl_adapter: 3.1.5 (/opt/ros/humble/share/rosidl_adapter/cmake)
[0.273s] -- Found rosidl_generator_cpp: 3.1.5 (/opt/ros/humble/share/rosidl_generator_cpp/cmake)
[0.278s] -- Using all available rosidl_typesupport_c: rosidl_typesupport_fastrtps_c;rosidl_typesupport_introspection_c
[0.286s] -- Using all available rosidl_typesupport_cpp: rosidl_typesupport_fastrtps_cpp;rosidl_typesupport_introspection_cpp
[0.314s] -- Found rmw_implementation_cmake: 6.1.2 (/opt/ros/humble/share/rmw_implementation_cmake/cmake)
[0.315s] -- Found rmw_fastrtps_cpp: 6.2.6 (/opt/ros/humble/share/rmw_fastrtps_cpp/cmake)
[0.359s] -- Found OpenSSL: /usr/lib/x86_64-linux-gnu/libcrypto.so (found version "3.0.2")  
[0.371s] -- Found FastRTPS: /opt/ros/humble/include  
[0.392s] -- Using RMW implementation 'rmw_fastrtps_cpp' as default
[0.396s] -- Looking for pthread.h
[0.430s] -- Looking for pthread.h - found
[0.430s] -- Performing Test CMAKE_HAVE_LIBC_PTHREAD
[0.467s] -- Performing Test CMAKE_HAVE_LIBC_PTHREAD - Success
[0.469s] -- Found Threads: TRUE  
[0.533s] -- Found irobot_create_msgs: 2.1.0 (/opt/ros/humble/share/irobot_create_msgs/cmake)
[0.631s] -- Found std_srvs: 4.2.4 (/opt/ros/humble/share/std_srvs/cmake)
[0.638s] -- Found rclcpp_action: 16.0.9 (/opt/ros/humble/share/rclcpp_action/cmake)
[0.651s] -- Found nav_msgs: 4.2.4 (/opt/ros/humble/share/nav_msgs/cmake)
[0.691s] -- Found ament_lint_auto: 0.12.11 (/opt/ros/humble/share/ament_lint_auto/cmake)
[0.725s] -- Added test 'cppcheck' to perform static code analysis on C / C++ code
[0.725s] -- Configured cppcheck include dirs: $<BUILD_INTERFACE:/home/robotai/ICTE4001/tb4_ws/src/tb4_cpp_prac1/include>
[0.725s] -- Configured cppcheck exclude dirs and/or files: 
[0.725s] -- Added test 'lint_cmake' to check CMake code style
[0.725s] -- Added test 'uncrustify' to check C / C++ code style
[0.725s] -- Configured uncrustify additional arguments: 
[0.725s] -- Added test 'xmllint' to check XML markup files
[0.726s] -- Configuring done
[0.733s] -- Generating done
[0.734s] -- Build files have been written to: /home/robotai/ICTE4001/tb4_ws/build/tb4_cpp_prac1
[0.739s] Invoked command in '/home/robotai/ICTE4001/tb4_ws/build/tb4_cpp_prac1' returned '0': CMAKE_PREFIX_PATH=/opt/ros/humble /usr/bin/cmake /home/robotai/ICTE4001/tb4_ws/src/tb4_cpp_prac1 -DCMAKE_INSTALL_PREFIX=/home/robotai/ICTE4001/tb4_ws/install/tb4_cpp_prac1
[0.740s] Invoking command in '/home/robotai/ICTE4001/tb4_ws/build/tb4_cpp_prac1': CMAKE_PREFIX_PATH=/opt/ros/humble /usr/bin/cmake --build /home/robotai/ICTE4001/tb4_ws/build/tb4_cpp_prac1 -- -j24 -l24
[0.762s] [ 16%] [32mBuilding CXX object CMakeFiles/tb4_cpp_srv_server.dir/src/tb4_cpp_srv_server.cpp.o[0m
[0.762s] [ 33%] [32mBuilding CXX object CMakeFiles/tb4_cpp_action_server.dir/src/tb4_cpp_action_server.cpp.o[0m
[0.762s] [ 50%] [32mBuilding CXX object CMakeFiles/tb4_cpp_node.dir/src/tb4_cpp_node.cpp.o[0m
[2.886s] [ 66%] [32m[1mLinking CXX executable tb4_cpp_srv_server[0m
[2.995s] [ 66%] Built target tb4_cpp_srv_server
[4.580s] [ 83%] [32m[1mLinking CXX executable tb4_cpp_node[0m
[4.790s] [ 83%] Built target tb4_cpp_node
[4.978s] [100%] [32m[1mLinking CXX executable tb4_cpp_action_server[0m
[5.182s] [100%] Built target tb4_cpp_action_server
[5.189s] Invoked command in '/home/robotai/ICTE4001/tb4_ws/build/tb4_cpp_prac1' returned '0': CMAKE_PREFIX_PATH=/opt/ros/humble /usr/bin/cmake --build /home/robotai/ICTE4001/tb4_ws/build/tb4_cpp_prac1 -- -j24 -l24
[5.203s] Invoking command in '/home/robotai/ICTE4001/tb4_ws/build/tb4_cpp_prac1': CMAKE_PREFIX_PATH=/opt/ros/humble /usr/bin/cmake --install /home/robotai/ICTE4001/tb4_ws/build/tb4_cpp_prac1
[5.207s] -- Install configuration: ""
[5.207s] -- Installing: /home/robotai/ICTE4001/tb4_ws/install/tb4_cpp_prac1/lib/tb4_cpp_prac1/tb4_cpp_node
[5.209s] -- Set runtime path of "/home/robotai/ICTE4001/tb4_ws/install/tb4_cpp_prac1/lib/tb4_cpp_prac1/tb4_cpp_node" to ""
[5.209s] -- Installing: /home/robotai/ICTE4001/tb4_ws/install/tb4_cpp_prac1/lib/tb4_cpp_prac1/tb4_cpp_srv_server
[5.210s] -- Set runtime path of "/home/robotai/ICTE4001/tb4_ws/install/tb4_cpp_prac1/lib/tb4_cpp_prac1/tb4_cpp_srv_server" to ""
[5.210s] -- Installing: /home/robotai/ICTE4001/tb4_ws/install/tb4_cpp_prac1/lib/tb4_cpp_prac1/tb4_cpp_action_server
[5.211s] -- Set runtime path of "/home/robotai/ICTE4001/tb4_ws/install/tb4_cpp_prac1/lib/tb4_cpp_prac1/tb4_cpp_action_server" to ""
[5.211s] -- Installing: /home/robotai/ICTE4001/tb4_ws/install/tb4_cpp_prac1/share/ament_index/resource_index/package_run_dependencies/tb4_cpp_prac1
[5.211s] -- Installing: /home/robotai/ICTE4001/tb4_ws/install/tb4_cpp_prac1/share/ament_index/resource_index/parent_prefix_path/tb4_cpp_prac1
[5.211s] -- Installing: /home/robotai/ICTE4001/tb4_ws/install/tb4_cpp_prac1/share/tb4_cpp_prac1/environment/ament_prefix_path.sh
[5.211s] -- Installing: /home/robotai/ICTE4001/tb4_ws/install/tb4_cpp_prac1/share/tb4_cpp_prac1/environment/ament_prefix_path.dsv
[5.211s] -- Installing: /home/robotai/ICTE4001/tb4_ws/install/tb4_cpp_prac1/share/tb4_cpp_prac1/environment/path.sh
[5.211s] -- Installing: /home/robotai/ICTE4001/tb4_ws/install/tb4_cpp_prac1/share/tb4_cpp_prac1/environment/path.dsv
[5.211s] -- Installing: /home/robotai/ICTE4001/tb4_ws/install/tb4_cpp_prac1/share/tb4_cpp_prac1/local_setup.bash
[5.211s] -- Installing: /home/robotai/ICTE4001/tb4_ws/install/tb4_cpp_prac1/share/tb4_cpp_prac1/local_setup.sh
[5.211s] -- Installing: /home/robotai/ICTE4001/tb4_ws/install/tb4_cpp_prac1/share/tb4_cpp_prac1/local_setup.zsh
[5.211s] -- Installing: /home/robotai/ICTE4001/tb4_ws/install/tb4_cpp_prac1/share/tb4_cpp_prac1/local_setup.dsv
[5.211s] -- Installing: /home/robotai/ICTE4001/tb4_ws/install/tb4_cpp_prac1/share/tb4_cpp_prac1/package.dsv
[5.211s] -- Installing: /home/robotai/ICTE4001/tb4_ws/install/tb4_cpp_prac1/share/ament_index/resource_index/packages/tb4_cpp_prac1
[5.211s] -- Installing: /home/robotai/ICTE4001/tb4_ws/install/tb4_cpp_prac1/share/tb4_cpp_prac1/cmake/tb4_cpp_prac1Config.cmake
[5.211s] -- Installing: /home/robotai/ICTE4001/tb4_ws/install/tb4_cpp_prac1/share/tb4_cpp_prac1/cmake/tb4_cpp_prac1Config-version.cmake
[5.211s] -- Installing: /home/robotai/ICTE4001/tb4_ws/install/tb4_cpp_prac1/share/tb4_cpp_prac1/package.xml
[5.213s] Invoked command in '/home/robotai/ICTE4001/tb4_ws/build/tb4_cpp_prac1' returned '0': CMAKE_PREFIX_PATH=/opt/ros/humble /usr/bin/cmake --install /home/robotai/ICTE4001/tb4_ws/build/tb4_cpp_prac1
