[0.008s] Invoking command in '/home/robotai/ICTE4001/tb4_ws/build/diff_drive_robot_gz_sim': CMAKE_PREFIX_PATH=/opt/ros/humble /usr/bin/cmake --build /home/robotai/ICTE4001/tb4_ws/build/diff_drive_robot_gz_sim -- -j24 -l24
[0.019s] -- Found ament_cmake: 1.3.9 (/opt/ros/humble/share/ament_cmake/cmake)
[0.076s] -- Found ament_lint_auto: 0.12.11 (/opt/ros/humble/share/ament_lint_auto/cmake)
[0.104s] -- Added test 'flake8' to check Python code syntax and style conventions
[0.105s] -- Added test 'lint_cmake' to check CMake code style
[0.105s] -- Added test 'pep257' to check Python code against some of the docstring style conventions in PEP 257
[0.105s] -- Added test 'xmllint' to check XML markup files
[0.105s] -- Configuring done
[0.107s] -- Generating done
[0.107s] -- Build files have been written to: /home/robotai/ICTE4001/tb4_ws/build/diff_drive_robot_gz_sim
[0.120s] Invoked command in '/home/robotai/ICTE4001/tb4_ws/build/diff_drive_robot_gz_sim' returned '0': CMAKE_PREFIX_PATH=/opt/ros/humble /usr/bin/cmake --build /home/robotai/ICTE4001/tb4_ws/build/diff_drive_robot_gz_sim -- -j24 -l24
[0.136s] Invoking command in '/home/robotai/ICTE4001/tb4_ws/build/diff_drive_robot_gz_sim': CMAKE_PREFIX_PATH=/opt/ros/humble /usr/bin/cmake --install /home/robotai/ICTE4001/tb4_ws/build/diff_drive_robot_gz_sim
[0.139s] -- Install configuration: ""
[0.139s] -- Up-to-date: /home/robotai/ICTE4001/tb4_ws/install/diff_drive_robot_gz_sim/share/diff_drive_robot_gz_sim//launch
[0.139s] -- Up-to-date: /home/robotai/ICTE4001/tb4_ws/install/diff_drive_robot_gz_sim/share/diff_drive_robot_gz_sim//launch/MRobot_base.launch.py
[0.139s] -- Up-to-date: /home/robotai/ICTE4001/tb4_ws/install/diff_drive_robot_gz_sim/share/diff_drive_robot_gz_sim//launch/ros_gz_bridge.launch.py
[0.139s] -- Up-to-date: /home/robotai/ICTE4001/tb4_ws/install/diff_drive_robot_gz_sim/share/diff_drive_robot_gz_sim//launch/MRobot_control.launch.py
[0.139s] -- Up-to-date: /home/robotai/ICTE4001/tb4_ws/install/diff_drive_robot_gz_sim/share/diff_drive_robot_gz_sim//launch/MRobot_sensor.launch.py
[0.139s] -- Up-to-date: /home/robotai/ICTE4001/tb4_ws/install/diff_drive_robot_gz_sim/share/diff_drive_robot_gz_sim//config
[0.139s] -- Up-to-date: /home/robotai/ICTE4001/tb4_ws/install/diff_drive_robot_gz_sim/share/diff_drive_robot_gz_sim//config/mobile_base_control.yaml
[0.139s] -- Up-to-date: /home/robotai/ICTE4001/tb4_ws/install/diff_drive_robot_gz_sim/share/diff_drive_robot_gz_sim//urdf
[0.139s] -- Up-to-date: /home/robotai/ICTE4001/tb4_ws/install/diff_drive_robot_gz_sim/share/diff_drive_robot_gz_sim//urdf/ICTE4001_MRobot_sensor.urdf.xacro
[0.139s] -- Up-to-date: /home/robotai/ICTE4001/tb4_ws/install/diff_drive_robot_gz_sim/share/diff_drive_robot_gz_sim//urdf/ICTE4001_MRobot_control.urdf.xacro
[0.139s] -- Up-to-date: /home/robotai/ICTE4001/tb4_ws/install/diff_drive_robot_gz_sim/share/diff_drive_robot_gz_sim//urdf/ICTE4001_MRobot_base.urdf.xacro
[0.139s] -- Up-to-date: /home/robotai/ICTE4001/tb4_ws/install/diff_drive_robot_gz_sim/share/diff_drive_robot_gz_sim//rviz
[0.139s] -- Up-to-date: /home/robotai/ICTE4001/tb4_ws/install/diff_drive_robot_gz_sim/share/diff_drive_robot_gz_sim//rviz/view_robot.rviz
[0.140s] -- Up-to-date: /home/robotai/ICTE4001/tb4_ws/install/diff_drive_robot_gz_sim/share/diff_drive_robot_gz_sim//rviz/view_robot_sensor.rviz
[0.140s] -- Up-to-date: /home/robotai/ICTE4001/tb4_ws/install/diff_drive_robot_gz_sim/share/ament_index/resource_index/package_run_dependencies/diff_drive_robot_gz_sim
[0.140s] -- Up-to-date: /home/robotai/ICTE4001/tb4_ws/install/diff_drive_robot_gz_sim/share/ament_index/resource_index/parent_prefix_path/diff_drive_robot_gz_sim
[0.140s] -- Installing: /home/robotai/ICTE4001/tb4_ws/install/diff_drive_robot_gz_sim/share/diff_drive_robot_gz_sim/environment/ament_prefix_path.sh
[0.140s] -- Installing: /home/robotai/ICTE4001/tb4_ws/install/diff_drive_robot_gz_sim/share/diff_drive_robot_gz_sim/environment/ament_prefix_path.dsv
[0.140s] -- Installing: /home/robotai/ICTE4001/tb4_ws/install/diff_drive_robot_gz_sim/share/diff_drive_robot_gz_sim/environment/path.sh
[0.140s] -- Installing: /home/robotai/ICTE4001/tb4_ws/install/diff_drive_robot_gz_sim/share/diff_drive_robot_gz_sim/environment/path.dsv
[0.140s] -- Up-to-date: /home/robotai/ICTE4001/tb4_ws/install/diff_drive_robot_gz_sim/share/diff_drive_robot_gz_sim/local_setup.bash
[0.140s] -- Up-to-date: /home/robotai/ICTE4001/tb4_ws/install/diff_drive_robot_gz_sim/share/diff_drive_robot_gz_sim/local_setup.sh
[0.140s] -- Up-to-date: /home/robotai/ICTE4001/tb4_ws/install/diff_drive_robot_gz_sim/share/diff_drive_robot_gz_sim/local_setup.zsh
[0.140s] -- Installing: /home/robotai/ICTE4001/tb4_ws/install/diff_drive_robot_gz_sim/share/diff_drive_robot_gz_sim/local_setup.dsv
[0.140s] -- Installing: /home/robotai/ICTE4001/tb4_ws/install/diff_drive_robot_gz_sim/share/diff_drive_robot_gz_sim/package.dsv
[0.140s] -- Up-to-date: /home/robotai/ICTE4001/tb4_ws/install/diff_drive_robot_gz_sim/share/ament_index/resource_index/packages/diff_drive_robot_gz_sim
[0.140s] -- Up-to-date: /home/robotai/ICTE4001/tb4_ws/install/diff_drive_robot_gz_sim/share/diff_drive_robot_gz_sim/cmake/diff_drive_robot_gz_simConfig.cmake
[0.140s] -- Up-to-date: /home/robotai/ICTE4001/tb4_ws/install/diff_drive_robot_gz_sim/share/diff_drive_robot_gz_sim/cmake/diff_drive_robot_gz_simConfig-version.cmake
[0.140s] -- Up-to-date: /home/robotai/ICTE4001/tb4_ws/install/diff_drive_robot_gz_sim/share/diff_drive_robot_gz_sim/package.xml
[0.140s] Invoked command in '/home/robotai/ICTE4001/tb4_ws/build/diff_drive_robot_gz_sim' returned '0': CMAKE_PREFIX_PATH=/opt/ros/humble /usr/bin/cmake --install /home/robotai/ICTE4001/tb4_ws/build/diff_drive_robot_gz_sim
