[0.042s] DEBUG:colcon:Command line arguments: ['/usr/bin/colcon', 'build']
[0.042s] DEBUG:colcon:Parsed command line arguments: Namespace(log_base=None, log_level=None, verb_name='build', build_base='build', install_base='install', merge_install=False, symlink_install=False, test_result_base=None, continue_on_error=False, executor='parallel', parallel_workers=24, event_handlers=None, ignore_user_meta=False, metas=['./colcon.meta'], base_paths=['.'], packages_ignore=None, packages_ignore_regex=None, paths=None, packages_up_to=None, packages_up_to_regex=None, packages_above=None, packages_above_and_dependencies=None, packages_above_depth=None, packages_select_by_dep=None, packages_skip_by_dep=None, packages_skip_up_to=None, packages_select_build_failed=False, packages_skip_build_finished=False, packages_select_test_failures=False, packages_skip_test_passed=False, packages_select=None, packages_skip=None, packages_select_regex=None, packages_skip_regex=None, packages_start=None, packages_end=None, allow_overriding=[], cmake_args=None, cmake_target=None, cmake_target_skip_unavailable=False, cmake_clean_cache=False, cmake_clean_first=False, cmake_force_configure=False, ament_cmake_args=None, catkin_cmake_args=None, catkin_skip_building_tests=False, mixin_files=None, mixin=None, verb_parser=<colcon_mixin.mixin.mixin_argument.MixinArgumentDecorator object at 0x73fd4ab60700>, verb_extension=<colcon_core.verb.build.BuildVerb object at 0x73fd4ab2fca0>, main=<bound method BuildVerb.main of <colcon_core.verb.build.BuildVerb object at 0x73fd4ab2fca0>>, mixin_verb=('build',))
[0.097s] Level 1:colcon.colcon_core.package_discovery:discover_packages(colcon_meta) check parameters
[0.097s] Level 1:colcon.colcon_core.package_discovery:discover_packages(recursive) check parameters
[0.097s] Level 1:colcon.colcon_core.package_discovery:discover_packages(ignore) check parameters
[0.097s] Level 1:colcon.colcon_core.package_discovery:discover_packages(path) check parameters
[0.097s] Level 1:colcon.colcon_core.package_discovery:discover_packages(colcon_meta) discover
[0.097s] Level 1:colcon.colcon_core.package_discovery:discover_packages(recursive) discover
[0.097s] INFO:colcon.colcon_core.package_discovery:Crawling recursively for packages in '/home/robotai/ICTE4001/tb4_ws'
[0.097s] Level 1:colcon.colcon_core.package_identification:_identify(.) by extensions ['ignore', 'ignore_ament_install']
[0.097s] Level 1:colcon.colcon_core.package_identification:_identify(.) by extension 'ignore'
[0.097s] Level 1:colcon.colcon_core.package_identification:_identify(.) by extension 'ignore_ament_install'
[0.097s] Level 1:colcon.colcon_core.package_identification:_identify(.) by extensions ['colcon_pkg']
[0.097s] Level 1:colcon.colcon_core.package_identification:_identify(.) by extension 'colcon_pkg'
[0.097s] Level 1:colcon.colcon_core.package_identification:_identify(.) by extensions ['colcon_meta']
[0.097s] Level 1:colcon.colcon_core.package_identification:_identify(.) by extension 'colcon_meta'
[0.097s] Level 1:colcon.colcon_core.package_identification:_identify(.) by extensions ['ros']
[0.097s] Level 1:colcon.colcon_core.package_identification:_identify(.) by extension 'ros'
[0.102s] Level 1:colcon.colcon_core.package_identification:_identify(.) by extensions ['cmake', 'python']
[0.102s] Level 1:colcon.colcon_core.package_identification:_identify(.) by extension 'cmake'
[0.102s] Level 1:colcon.colcon_core.package_identification:_identify(.) by extension 'python'
[0.102s] Level 1:colcon.colcon_core.package_identification:_identify(.) by extensions ['python_setup_py']
[0.102s] Level 1:colcon.colcon_core.package_identification:_identify(.) by extension 'python_setup_py'
[0.102s] Level 1:colcon.colcon_core.package_identification:_identify(build) by extensions ['ignore', 'ignore_ament_install']
[0.102s] Level 1:colcon.colcon_core.package_identification:_identify(build) by extension 'ignore'
[0.102s] Level 1:colcon.colcon_core.package_identification:_identify(build) ignored
[0.102s] Level 1:colcon.colcon_core.package_identification:_identify(diff_drive_robot_gz_sim) by extensions ['ignore', 'ignore_ament_install']
[0.102s] Level 1:colcon.colcon_core.package_identification:_identify(diff_drive_robot_gz_sim) by extension 'ignore'
[0.102s] Level 1:colcon.colcon_core.package_identification:_identify(diff_drive_robot_gz_sim) by extension 'ignore_ament_install'
[0.102s] Level 1:colcon.colcon_core.package_identification:_identify(diff_drive_robot_gz_sim) by extensions ['colcon_pkg']
[0.102s] Level 1:colcon.colcon_core.package_identification:_identify(diff_drive_robot_gz_sim) by extension 'colcon_pkg'
[0.102s] Level 1:colcon.colcon_core.package_identification:_identify(diff_drive_robot_gz_sim) by extensions ['colcon_meta']
[0.102s] Level 1:colcon.colcon_core.package_identification:_identify(diff_drive_robot_gz_sim) by extension 'colcon_meta'
[0.102s] Level 1:colcon.colcon_core.package_identification:_identify(diff_drive_robot_gz_sim) by extensions ['ros']
[0.102s] Level 1:colcon.colcon_core.package_identification:_identify(diff_drive_robot_gz_sim) by extension 'ros'
[0.103s] DEBUG:colcon.colcon_core.package_identification:Package 'diff_drive_robot_gz_sim' with type 'ros.ament_cmake' and name 'diff_drive_robot_gz_sim'
[0.103s] Level 1:colcon.colcon_core.package_identification:_identify(install) by extensions ['ignore', 'ignore_ament_install']
[0.103s] Level 1:colcon.colcon_core.package_identification:_identify(install) by extension 'ignore'
[0.103s] Level 1:colcon.colcon_core.package_identification:_identify(install) ignored
[0.103s] Level 1:colcon.colcon_core.package_identification:_identify(log) by extensions ['ignore', 'ignore_ament_install']
[0.103s] Level 1:colcon.colcon_core.package_identification:_identify(log) by extension 'ignore'
[0.103s] Level 1:colcon.colcon_core.package_identification:_identify(log) ignored
[0.103s] Level 1:colcon.colcon_core.package_identification:_identify(src) by extensions ['ignore', 'ignore_ament_install']
[0.103s] Level 1:colcon.colcon_core.package_identification:_identify(src) by extension 'ignore'
[0.103s] Level 1:colcon.colcon_core.package_identification:_identify(src) by extension 'ignore_ament_install'
[0.103s] Level 1:colcon.colcon_core.package_identification:_identify(src) by extensions ['colcon_pkg']
[0.103s] Level 1:colcon.colcon_core.package_identification:_identify(src) by extension 'colcon_pkg'
[0.103s] Level 1:colcon.colcon_core.package_identification:_identify(src) by extensions ['colcon_meta']
[0.103s] Level 1:colcon.colcon_core.package_identification:_identify(src) by extension 'colcon_meta'
[0.103s] Level 1:colcon.colcon_core.package_identification:_identify(src) by extensions ['ros']
[0.103s] Level 1:colcon.colcon_core.package_identification:_identify(src) by extension 'ros'
[0.103s] Level 1:colcon.colcon_core.package_identification:_identify(src) by extensions ['cmake', 'python']
[0.103s] Level 1:colcon.colcon_core.package_identification:_identify(src) by extension 'cmake'
[0.103s] Level 1:colcon.colcon_core.package_identification:_identify(src) by extension 'python'
[0.103s] Level 1:colcon.colcon_core.package_identification:_identify(src) by extensions ['python_setup_py']
[0.103s] Level 1:colcon.colcon_core.package_identification:_identify(src) by extension 'python_setup_py'
[0.103s] Level 1:colcon.colcon_core.package_identification:_identify(src/tb4_cpp_prac1) by extensions ['ignore', 'ignore_ament_install']
[0.103s] Level 1:colcon.colcon_core.package_identification:_identify(src/tb4_cpp_prac1) by extension 'ignore'
[0.103s] Level 1:colcon.colcon_core.package_identification:_identify(src/tb4_cpp_prac1) by extension 'ignore_ament_install'
[0.103s] Level 1:colcon.colcon_core.package_identification:_identify(src/tb4_cpp_prac1) by extensions ['colcon_pkg']
[0.103s] Level 1:colcon.colcon_core.package_identification:_identify(src/tb4_cpp_prac1) by extension 'colcon_pkg'
[0.103s] Level 1:colcon.colcon_core.package_identification:_identify(src/tb4_cpp_prac1) by extensions ['colcon_meta']
[0.103s] Level 1:colcon.colcon_core.package_identification:_identify(src/tb4_cpp_prac1) by extension 'colcon_meta'
[0.103s] Level 1:colcon.colcon_core.package_identification:_identify(src/tb4_cpp_prac1) by extensions ['ros']
[0.103s] Level 1:colcon.colcon_core.package_identification:_identify(src/tb4_cpp_prac1) by extension 'ros'
[0.104s] DEBUG:colcon.colcon_core.package_identification:Package 'src/tb4_cpp_prac1' with type 'ros.ament_cmake' and name 'tb4_cpp_prac1'
[0.104s] Level 1:colcon.colcon_core.package_identification:_identify(src/tb4_cpp_prac2) by extensions ['ignore', 'ignore_ament_install']
[0.104s] Level 1:colcon.colcon_core.package_identification:_identify(src/tb4_cpp_prac2) by extension 'ignore'
[0.104s] Level 1:colcon.colcon_core.package_identification:_identify(src/tb4_cpp_prac2) by extension 'ignore_ament_install'
[0.104s] Level 1:colcon.colcon_core.package_identification:_identify(src/tb4_cpp_prac2) by extensions ['colcon_pkg']
[0.104s] Level 1:colcon.colcon_core.package_identification:_identify(src/tb4_cpp_prac2) by extension 'colcon_pkg'
[0.104s] Level 1:colcon.colcon_core.package_identification:_identify(src/tb4_cpp_prac2) by extensions ['colcon_meta']
[0.104s] Level 1:colcon.colcon_core.package_identification:_identify(src/tb4_cpp_prac2) by extension 'colcon_meta'
[0.104s] Level 1:colcon.colcon_core.package_identification:_identify(src/tb4_cpp_prac2) by extensions ['ros']
[0.104s] Level 1:colcon.colcon_core.package_identification:_identify(src/tb4_cpp_prac2) by extension 'ros'
[0.104s] DEBUG:colcon.colcon_core.package_identification:Package 'src/tb4_cpp_prac2' with type 'ros.ament_cmake' and name 'tb4_cpp_prac2'
[0.104s] Level 1:colcon.colcon_core.package_identification:_identify(src/tb4_cpp_prac3) by extensions ['ignore', 'ignore_ament_install']
[0.104s] Level 1:colcon.colcon_core.package_identification:_identify(src/tb4_cpp_prac3) by extension 'ignore'
[0.104s] Level 1:colcon.colcon_core.package_identification:_identify(src/tb4_cpp_prac3) by extension 'ignore_ament_install'
[0.104s] Level 1:colcon.colcon_core.package_identification:_identify(src/tb4_cpp_prac3) by extensions ['colcon_pkg']
[0.104s] Level 1:colcon.colcon_core.package_identification:_identify(src/tb4_cpp_prac3) by extension 'colcon_pkg'
[0.104s] Level 1:colcon.colcon_core.package_identification:_identify(src/tb4_cpp_prac3) by extensions ['colcon_meta']
[0.104s] Level 1:colcon.colcon_core.package_identification:_identify(src/tb4_cpp_prac3) by extension 'colcon_meta'
[0.104s] Level 1:colcon.colcon_core.package_identification:_identify(src/tb4_cpp_prac3) by extensions ['ros']
[0.104s] Level 1:colcon.colcon_core.package_identification:_identify(src/tb4_cpp_prac3) by extension 'ros'
[0.104s] DEBUG:colcon.colcon_core.package_identification:Package 'src/tb4_cpp_prac3' with type 'ros.ament_cmake' and name 'tb4_cpp_prac3'
[0.105s] Level 1:colcon.colcon_core.package_identification:_identify(src/tb4_cpp_prac5) by extensions ['ignore', 'ignore_ament_install']
[0.105s] Level 1:colcon.colcon_core.package_identification:_identify(src/tb4_cpp_prac5) by extension 'ignore'
[0.105s] Level 1:colcon.colcon_core.package_identification:_identify(src/tb4_cpp_prac5) by extension 'ignore_ament_install'
[0.105s] Level 1:colcon.colcon_core.package_identification:_identify(src/tb4_cpp_prac5) by extensions ['colcon_pkg']
[0.105s] Level 1:colcon.colcon_core.package_identification:_identify(src/tb4_cpp_prac5) by extension 'colcon_pkg'
[0.105s] Level 1:colcon.colcon_core.package_identification:_identify(src/tb4_cpp_prac5) by extensions ['colcon_meta']
[0.105s] Level 1:colcon.colcon_core.package_identification:_identify(src/tb4_cpp_prac5) by extension 'colcon_meta'
[0.105s] Level 1:colcon.colcon_core.package_identification:_identify(src/tb4_cpp_prac5) by extensions ['ros']
[0.105s] Level 1:colcon.colcon_core.package_identification:_identify(src/tb4_cpp_prac5) by extension 'ros'
[0.105s] DEBUG:colcon.colcon_core.package_identification:Package 'src/tb4_cpp_prac5' with type 'ros.ament_cmake' and name 'tb4_cpp_prac5'
[0.105s] Level 1:colcon.colcon_core.package_discovery:discover_packages(recursive) using defaults
[0.105s] Level 1:colcon.colcon_core.package_discovery:discover_packages(ignore) discover
[0.105s] Level 1:colcon.colcon_core.package_discovery:discover_packages(ignore) using defaults
[0.105s] Level 1:colcon.colcon_core.package_discovery:discover_packages(path) discover
[0.105s] Level 1:colcon.colcon_core.package_discovery:discover_packages(path) using defaults
[0.118s] Level 1:colcon.colcon_core.package_discovery:discover_packages(prefix_path) check parameters
[0.118s] Level 1:colcon.colcon_core.package_discovery:discover_packages(prefix_path) discover
[0.118s] WARNING:colcon.colcon_ros.prefix_path.ament:The path '/home/robotai/ICTE4001/tb4_ws/install/tb4_cpp_prac5' in the environment variable AMENT_PREFIX_PATH doesn't exist
[0.118s] WARNING:colcon.colcon_ros.prefix_path.ament:The path '/home/robotai/ICTE4001/tb4_ws/install/tb4_cpp_prac3' in the environment variable AMENT_PREFIX_PATH doesn't exist
[0.118s] WARNING:colcon.colcon_ros.prefix_path.ament:The path '/home/robotai/ICTE4001/tb4_ws/install/tb4_cpp_prac2' in the environment variable AMENT_PREFIX_PATH doesn't exist
[0.118s] WARNING:colcon.colcon_ros.prefix_path.ament:The path '/home/robotai/ICTE4001/tb4_ws/install/tb4_cpp_prac1' in the environment variable AMENT_PREFIX_PATH doesn't exist
[0.119s] WARNING:colcon.colcon_ros.prefix_path.ament:The path '/home/robotai/ICTE4001/tb4_ws/install/diff_drive_robot_gz_sim' in the environment variable AMENT_PREFIX_PATH doesn't exist
[0.119s] WARNING:colcon.colcon_ros.prefix_path.catkin:The path '/home/robotai/ICTE4001/tb4_ws/install/tb4_cpp_prac5' in the environment variable CMAKE_PREFIX_PATH doesn't exist
[0.119s] WARNING:colcon.colcon_ros.prefix_path.catkin:The path '/home/robotai/ICTE4001/tb4_ws/install/tb4_cpp_prac3' in the environment variable CMAKE_PREFIX_PATH doesn't exist
[0.119s] WARNING:colcon.colcon_ros.prefix_path.catkin:The path '/home/robotai/ICTE4001/tb4_ws/install/tb4_cpp_prac2' in the environment variable CMAKE_PREFIX_PATH doesn't exist
[0.119s] WARNING:colcon.colcon_ros.prefix_path.catkin:The path '/home/robotai/ICTE4001/tb4_ws/install/tb4_cpp_prac1' in the environment variable CMAKE_PREFIX_PATH doesn't exist
[0.119s] WARNING:colcon.colcon_ros.prefix_path.catkin:The path '/home/robotai/ICTE4001/tb4_ws/install/diff_drive_robot_gz_sim' in the environment variable CMAKE_PREFIX_PATH doesn't exist
[0.120s] DEBUG:colcon.colcon_installed_package_information.package_discovery:Found 0 installed packages in /home/robotai/ICTE4001/tb4_ws/install
[0.120s] DEBUG:colcon.colcon_installed_package_information.package_discovery:Found 380 installed packages in /opt/ros/humble
[0.121s] Level 1:colcon.colcon_core.package_discovery:discover_packages(prefix_path) using defaults
[0.137s] Level 5:colcon.colcon_core.verb:set package 'diff_drive_robot_gz_sim' build argument 'cmake_args' from command line to 'None'
[0.137s] Level 5:colcon.colcon_core.verb:set package 'diff_drive_robot_gz_sim' build argument 'cmake_target' from command line to 'None'
[0.138s] Level 5:colcon.colcon_core.verb:set package 'diff_drive_robot_gz_sim' build argument 'cmake_target_skip_unavailable' from command line to 'False'
[0.138s] Level 5:colcon.colcon_core.verb:set package 'diff_drive_robot_gz_sim' build argument 'cmake_clean_cache' from command line to 'False'
[0.138s] Level 5:colcon.colcon_core.verb:set package 'diff_drive_robot_gz_sim' build argument 'cmake_clean_first' from command line to 'False'
[0.138s] Level 5:colcon.colcon_core.verb:set package 'diff_drive_robot_gz_sim' build argument 'cmake_force_configure' from command line to 'False'
[0.138s] Level 5:colcon.colcon_core.verb:set package 'diff_drive_robot_gz_sim' build argument 'ament_cmake_args' from command line to 'None'
[0.138s] Level 5:colcon.colcon_core.verb:set package 'diff_drive_robot_gz_sim' build argument 'catkin_cmake_args' from command line to 'None'
[0.138s] Level 5:colcon.colcon_core.verb:set package 'diff_drive_robot_gz_sim' build argument 'catkin_skip_building_tests' from command line to 'False'
[0.138s] DEBUG:colcon.colcon_core.verb:Building package 'diff_drive_robot_gz_sim' with the following arguments: {'ament_cmake_args': None, 'build_base': '/home/robotai/ICTE4001/tb4_ws/build/diff_drive_robot_gz_sim', 'catkin_cmake_args': None, 'catkin_skip_building_tests': False, 'cmake_args': None, 'cmake_clean_cache': False, 'cmake_clean_first': False, 'cmake_force_configure': False, 'cmake_target': None, 'cmake_target_skip_unavailable': False, 'install_base': '/home/robotai/ICTE4001/tb4_ws/install/diff_drive_robot_gz_sim', 'merge_install': False, 'path': '/home/robotai/ICTE4001/tb4_ws/diff_drive_robot_gz_sim', 'symlink_install': False, 'test_result_base': None}
[0.138s] Level 5:colcon.colcon_core.verb:set package 'tb4_cpp_prac1' build argument 'cmake_args' from command line to 'None'
[0.138s] Level 5:colcon.colcon_core.verb:set package 'tb4_cpp_prac1' build argument 'cmake_target' from command line to 'None'
[0.138s] Level 5:colcon.colcon_core.verb:set package 'tb4_cpp_prac1' build argument 'cmake_target_skip_unavailable' from command line to 'False'
[0.138s] Level 5:colcon.colcon_core.verb:set package 'tb4_cpp_prac1' build argument 'cmake_clean_cache' from command line to 'False'
[0.138s] Level 5:colcon.colcon_core.verb:set package 'tb4_cpp_prac1' build argument 'cmake_clean_first' from command line to 'False'
[0.138s] Level 5:colcon.colcon_core.verb:set package 'tb4_cpp_prac1' build argument 'cmake_force_configure' from command line to 'False'
[0.138s] Level 5:colcon.colcon_core.verb:set package 'tb4_cpp_prac1' build argument 'ament_cmake_args' from command line to 'None'
[0.138s] Level 5:colcon.colcon_core.verb:set package 'tb4_cpp_prac1' build argument 'catkin_cmake_args' from command line to 'None'
[0.138s] Level 5:colcon.colcon_core.verb:set package 'tb4_cpp_prac1' build argument 'catkin_skip_building_tests' from command line to 'False'
[0.138s] DEBUG:colcon.colcon_core.verb:Building package 'tb4_cpp_prac1' with the following arguments: {'ament_cmake_args': None, 'build_base': '/home/robotai/ICTE4001/tb4_ws/build/tb4_cpp_prac1', 'catkin_cmake_args': None, 'catkin_skip_building_tests': False, 'cmake_args': None, 'cmake_clean_cache': False, 'cmake_clean_first': False, 'cmake_force_configure': False, 'cmake_target': None, 'cmake_target_skip_unavailable': False, 'install_base': '/home/robotai/ICTE4001/tb4_ws/install/tb4_cpp_prac1', 'merge_install': False, 'path': '/home/robotai/ICTE4001/tb4_ws/src/tb4_cpp_prac1', 'symlink_install': False, 'test_result_base': None}
[0.138s] Level 5:colcon.colcon_core.verb:set package 'tb4_cpp_prac2' build argument 'cmake_args' from command line to 'None'
[0.138s] Level 5:colcon.colcon_core.verb:set package 'tb4_cpp_prac2' build argument 'cmake_target' from command line to 'None'
[0.138s] Level 5:colcon.colcon_core.verb:set package 'tb4_cpp_prac2' build argument 'cmake_target_skip_unavailable' from command line to 'False'
[0.138s] Level 5:colcon.colcon_core.verb:set package 'tb4_cpp_prac2' build argument 'cmake_clean_cache' from command line to 'False'
[0.138s] Level 5:colcon.colcon_core.verb:set package 'tb4_cpp_prac2' build argument 'cmake_clean_first' from command line to 'False'
[0.138s] Level 5:colcon.colcon_core.verb:set package 'tb4_cpp_prac2' build argument 'cmake_force_configure' from command line to 'False'
[0.138s] Level 5:colcon.colcon_core.verb:set package 'tb4_cpp_prac2' build argument 'ament_cmake_args' from command line to 'None'
[0.138s] Level 5:colcon.colcon_core.verb:set package 'tb4_cpp_prac2' build argument 'catkin_cmake_args' from command line to 'None'
[0.138s] Level 5:colcon.colcon_core.verb:set package 'tb4_cpp_prac2' build argument 'catkin_skip_building_tests' from command line to 'False'
[0.138s] DEBUG:colcon.colcon_core.verb:Building package 'tb4_cpp_prac2' with the following arguments: {'ament_cmake_args': None, 'build_base': '/home/robotai/ICTE4001/tb4_ws/build/tb4_cpp_prac2', 'catkin_cmake_args': None, 'catkin_skip_building_tests': False, 'cmake_args': None, 'cmake_clean_cache': False, 'cmake_clean_first': False, 'cmake_force_configure': False, 'cmake_target': None, 'cmake_target_skip_unavailable': False, 'install_base': '/home/robotai/ICTE4001/tb4_ws/install/tb4_cpp_prac2', 'merge_install': False, 'path': '/home/robotai/ICTE4001/tb4_ws/src/tb4_cpp_prac2', 'symlink_install': False, 'test_result_base': None}
[0.138s] Level 5:colcon.colcon_core.verb:set package 'tb4_cpp_prac3' build argument 'cmake_args' from command line to 'None'
[0.138s] Level 5:colcon.colcon_core.verb:set package 'tb4_cpp_prac3' build argument 'cmake_target' from command line to 'None'
[0.138s] Level 5:colcon.colcon_core.verb:set package 'tb4_cpp_prac3' build argument 'cmake_target_skip_unavailable' from command line to 'False'
[0.138s] Level 5:colcon.colcon_core.verb:set package 'tb4_cpp_prac3' build argument 'cmake_clean_cache' from command line to 'False'
[0.138s] Level 5:colcon.colcon_core.verb:set package 'tb4_cpp_prac3' build argument 'cmake_clean_first' from command line to 'False'
[0.138s] Level 5:colcon.colcon_core.verb:set package 'tb4_cpp_prac3' build argument 'cmake_force_configure' from command line to 'False'
[0.138s] Level 5:colcon.colcon_core.verb:set package 'tb4_cpp_prac3' build argument 'ament_cmake_args' from command line to 'None'
[0.138s] Level 5:colcon.colcon_core.verb:set package 'tb4_cpp_prac3' build argument 'catkin_cmake_args' from command line to 'None'
[0.138s] Level 5:colcon.colcon_core.verb:set package 'tb4_cpp_prac3' build argument 'catkin_skip_building_tests' from command line to 'False'
[0.138s] DEBUG:colcon.colcon_core.verb:Building package 'tb4_cpp_prac3' with the following arguments: {'ament_cmake_args': None, 'build_base': '/home/robotai/ICTE4001/tb4_ws/build/tb4_cpp_prac3', 'catkin_cmake_args': None, 'catkin_skip_building_tests': False, 'cmake_args': None, 'cmake_clean_cache': False, 'cmake_clean_first': False, 'cmake_force_configure': False, 'cmake_target': None, 'cmake_target_skip_unavailable': False, 'install_base': '/home/robotai/ICTE4001/tb4_ws/install/tb4_cpp_prac3', 'merge_install': False, 'path': '/home/robotai/ICTE4001/tb4_ws/src/tb4_cpp_prac3', 'symlink_install': False, 'test_result_base': None}
[0.138s] Level 5:colcon.colcon_core.verb:set package 'tb4_cpp_prac5' build argument 'cmake_args' from command line to 'None'
[0.138s] Level 5:colcon.colcon_core.verb:set package 'tb4_cpp_prac5' build argument 'cmake_target' from command line to 'None'
[0.138s] Level 5:colcon.colcon_core.verb:set package 'tb4_cpp_prac5' build argument 'cmake_target_skip_unavailable' from command line to 'False'
[0.138s] Level 5:colcon.colcon_core.verb:set package 'tb4_cpp_prac5' build argument 'cmake_clean_cache' from command line to 'False'
[0.138s] Level 5:colcon.colcon_core.verb:set package 'tb4_cpp_prac5' build argument 'cmake_clean_first' from command line to 'False'
[0.138s] Level 5:colcon.colcon_core.verb:set package 'tb4_cpp_prac5' build argument 'cmake_force_configure' from command line to 'False'
[0.138s] Level 5:colcon.colcon_core.verb:set package 'tb4_cpp_prac5' build argument 'ament_cmake_args' from command line to 'None'
[0.138s] Level 5:colcon.colcon_core.verb:set package 'tb4_cpp_prac5' build argument 'catkin_cmake_args' from command line to 'None'
[0.138s] Level 5:colcon.colcon_core.verb:set package 'tb4_cpp_prac5' build argument 'catkin_skip_building_tests' from command line to 'False'
[0.138s] DEBUG:colcon.colcon_core.verb:Building package 'tb4_cpp_prac5' with the following arguments: {'ament_cmake_args': None, 'build_base': '/home/robotai/ICTE4001/tb4_ws/build/tb4_cpp_prac5', 'catkin_cmake_args': None, 'catkin_skip_building_tests': False, 'cmake_args': None, 'cmake_clean_cache': False, 'cmake_clean_first': False, 'cmake_force_configure': False, 'cmake_target': None, 'cmake_target_skip_unavailable': False, 'install_base': '/home/robotai/ICTE4001/tb4_ws/install/tb4_cpp_prac5', 'merge_install': False, 'path': '/home/robotai/ICTE4001/tb4_ws/src/tb4_cpp_prac5', 'symlink_install': False, 'test_result_base': None}
[0.138s] INFO:colcon.colcon_core.executor:Executing jobs using 'parallel' executor
[0.139s] DEBUG:colcon.colcon_parallel_executor.executor.parallel:run_until_complete
[0.139s] INFO:colcon.colcon_ros.task.ament_cmake.build:Building ROS package in '/home/robotai/ICTE4001/tb4_ws/diff_drive_robot_gz_sim' with build type 'ament_cmake'
[0.139s] INFO:colcon.colcon_cmake.task.cmake.build:Building CMake package in '/home/robotai/ICTE4001/tb4_ws/diff_drive_robot_gz_sim'
[0.140s] INFO:colcon.colcon_core.plugin_system:Skipping extension 'colcon_core.shell.bat': Not used on non-Windows systems
[0.140s] INFO:colcon.colcon_core.shell:Skip shell extension 'powershell' for command environment: Not usable outside of PowerShell
[0.140s] DEBUG:colcon.colcon_core.shell:Skip shell extension 'dsv' for command environment
[0.142s] INFO:colcon.colcon_ros.task.ament_cmake.build:Building ROS package in '/home/robotai/ICTE4001/tb4_ws/src/tb4_cpp_prac1' with build type 'ament_cmake'
[0.142s] INFO:colcon.colcon_cmake.task.cmake.build:Building CMake package in '/home/robotai/ICTE4001/tb4_ws/src/tb4_cpp_prac1'
[0.142s] INFO:colcon.colcon_core.shell:Skip shell extension 'powershell' for command environment: Not usable outside of PowerShell
[0.142s] DEBUG:colcon.colcon_core.shell:Skip shell extension 'dsv' for command environment
[0.144s] INFO:colcon.colcon_ros.task.ament_cmake.build:Building ROS package in '/home/robotai/ICTE4001/tb4_ws/src/tb4_cpp_prac2' with build type 'ament_cmake'
[0.144s] INFO:colcon.colcon_cmake.task.cmake.build:Building CMake package in '/home/robotai/ICTE4001/tb4_ws/src/tb4_cpp_prac2'
[0.144s] INFO:colcon.colcon_core.shell:Skip shell extension 'powershell' for command environment: Not usable outside of PowerShell
[0.144s] DEBUG:colcon.colcon_core.shell:Skip shell extension 'dsv' for command environment
[0.145s] INFO:colcon.colcon_ros.task.ament_cmake.build:Building ROS package in '/home/robotai/ICTE4001/tb4_ws/src/tb4_cpp_prac3' with build type 'ament_cmake'
[0.145s] INFO:colcon.colcon_cmake.task.cmake.build:Building CMake package in '/home/robotai/ICTE4001/tb4_ws/src/tb4_cpp_prac3'
[0.145s] INFO:colcon.colcon_core.shell:Skip shell extension 'powershell' for command environment: Not usable outside of PowerShell
[0.145s] DEBUG:colcon.colcon_core.shell:Skip shell extension 'dsv' for command environment
[0.146s] INFO:colcon.colcon_ros.task.ament_cmake.build:Building ROS package in '/home/robotai/ICTE4001/tb4_ws/src/tb4_cpp_prac5' with build type 'ament_cmake'
[0.146s] INFO:colcon.colcon_cmake.task.cmake.build:Building CMake package in '/home/robotai/ICTE4001/tb4_ws/src/tb4_cpp_prac5'
[0.147s] INFO:colcon.colcon_core.shell:Skip shell extension 'powershell' for command environment: Not usable outside of PowerShell
[0.147s] DEBUG:colcon.colcon_core.shell:Skip shell extension 'dsv' for command environment
[0.150s] DEBUG:colcon.colcon_core.event_handler.log_command:Invoking command in '/home/robotai/ICTE4001/tb4_ws/build/diff_drive_robot_gz_sim': CMAKE_PREFIX_PATH=${CMAKE_PREFIX_PATH}:/opt/ros/humble /usr/bin/cmake /home/robotai/ICTE4001/tb4_ws/diff_drive_robot_gz_sim -DCMAKE_INSTALL_PREFIX=/home/robotai/ICTE4001/tb4_ws/install/diff_drive_robot_gz_sim
[0.153s] DEBUG:colcon.colcon_core.event_handler.log_command:Invoking command in '/home/robotai/ICTE4001/tb4_ws/build/tb4_cpp_prac1': CMAKE_PREFIX_PATH=${CMAKE_PREFIX_PATH}:/opt/ros/humble /usr/bin/cmake /home/robotai/ICTE4001/tb4_ws/src/tb4_cpp_prac1 -DCMAKE_INSTALL_PREFIX=/home/robotai/ICTE4001/tb4_ws/install/tb4_cpp_prac1
[0.155s] DEBUG:colcon.colcon_core.event_handler.log_command:Invoking command in '/home/robotai/ICTE4001/tb4_ws/build/tb4_cpp_prac2': CMAKE_PREFIX_PATH=${CMAKE_PREFIX_PATH}:/opt/ros/humble /usr/bin/cmake /home/robotai/ICTE4001/tb4_ws/src/tb4_cpp_prac2 -DCMAKE_INSTALL_PREFIX=/home/robotai/ICTE4001/tb4_ws/install/tb4_cpp_prac2
[0.157s] DEBUG:colcon.colcon_core.event_handler.log_command:Invoking command in '/home/robotai/ICTE4001/tb4_ws/build/tb4_cpp_prac3': CMAKE_PREFIX_PATH=${CMAKE_PREFIX_PATH}:/opt/ros/humble /usr/bin/cmake /home/robotai/ICTE4001/tb4_ws/src/tb4_cpp_prac3 -DCMAKE_INSTALL_PREFIX=/home/robotai/ICTE4001/tb4_ws/install/tb4_cpp_prac3
[0.161s] DEBUG:colcon.colcon_core.event_handler.log_command:Invoking command in '/home/robotai/ICTE4001/tb4_ws/build/tb4_cpp_prac5': CMAKE_PREFIX_PATH=${CMAKE_PREFIX_PATH}:/opt/ros/humble /usr/bin/cmake /home/robotai/ICTE4001/tb4_ws/src/tb4_cpp_prac5 -DCMAKE_INSTALL_PREFIX=/home/robotai/ICTE4001/tb4_ws/install/tb4_cpp_prac5
[0.455s] DEBUG:colcon.colcon_core.event_handler.log_command:Invoked command in '/home/robotai/ICTE4001/tb4_ws/build/diff_drive_robot_gz_sim' returned '0': CMAKE_PREFIX_PATH=${CMAKE_PREFIX_PATH}:/opt/ros/humble /usr/bin/cmake /home/robotai/ICTE4001/tb4_ws/diff_drive_robot_gz_sim -DCMAKE_INSTALL_PREFIX=/home/robotai/ICTE4001/tb4_ws/install/diff_drive_robot_gz_sim
[0.456s] DEBUG:colcon.colcon_core.event_handler.log_command:Invoking command in '/home/robotai/ICTE4001/tb4_ws/build/diff_drive_robot_gz_sim': CMAKE_PREFIX_PATH=${CMAKE_PREFIX_PATH}:/opt/ros/humble /usr/bin/cmake --build /home/robotai/ICTE4001/tb4_ws/build/diff_drive_robot_gz_sim -- -j24 -l24
[0.475s] DEBUG:colcon.colcon_core.event_handler.log_command:Invoked command in '/home/robotai/ICTE4001/tb4_ws/build/diff_drive_robot_gz_sim' returned '0': CMAKE_PREFIX_PATH=${CMAKE_PREFIX_PATH}:/opt/ros/humble /usr/bin/cmake --build /home/robotai/ICTE4001/tb4_ws/build/diff_drive_robot_gz_sim -- -j24 -l24
[0.492s] DEBUG:colcon.colcon_core.event_handler.log_command:Invoking command in '/home/robotai/ICTE4001/tb4_ws/build/diff_drive_robot_gz_sim': CMAKE_PREFIX_PATH=${CMAKE_PREFIX_PATH}:/opt/ros/humble /usr/bin/cmake --install /home/robotai/ICTE4001/tb4_ws/build/diff_drive_robot_gz_sim
[0.497s] Level 1:colcon.colcon_core.environment:create_environment_scripts_only(diff_drive_robot_gz_sim)
[0.497s] DEBUG:colcon.colcon_core.event_handler.log_command:Invoked command in '/home/robotai/ICTE4001/tb4_ws/build/diff_drive_robot_gz_sim' returned '0': CMAKE_PREFIX_PATH=${CMAKE_PREFIX_PATH}:/opt/ros/humble /usr/bin/cmake --install /home/robotai/ICTE4001/tb4_ws/build/diff_drive_robot_gz_sim
[0.499s] Level 1:colcon.colcon_core.environment:checking '/home/robotai/ICTE4001/tb4_ws/install/diff_drive_robot_gz_sim' for CMake module files
[0.499s] Level 1:colcon.colcon_core.environment:checking '/home/robotai/ICTE4001/tb4_ws/install/diff_drive_robot_gz_sim' for CMake config files
[0.499s] Level 1:colcon.colcon_core.shell:create_environment_hook('diff_drive_robot_gz_sim', 'cmake_prefix_path')
[0.499s] INFO:colcon.colcon_core.shell:Creating environment hook '/home/robotai/ICTE4001/tb4_ws/install/diff_drive_robot_gz_sim/share/diff_drive_robot_gz_sim/hook/cmake_prefix_path.ps1'
[0.499s] INFO:colcon.colcon_core.shell:Creating environment descriptor '/home/robotai/ICTE4001/tb4_ws/install/diff_drive_robot_gz_sim/share/diff_drive_robot_gz_sim/hook/cmake_prefix_path.dsv'
[0.500s] INFO:colcon.colcon_core.shell:Creating environment hook '/home/robotai/ICTE4001/tb4_ws/install/diff_drive_robot_gz_sim/share/diff_drive_robot_gz_sim/hook/cmake_prefix_path.sh'
[0.500s] Level 1:colcon.colcon_core.environment:checking '/home/robotai/ICTE4001/tb4_ws/install/diff_drive_robot_gz_sim/bin'
[0.500s] Level 1:colcon.colcon_core.environment:checking '/home/robotai/ICTE4001/tb4_ws/install/diff_drive_robot_gz_sim/lib/pkgconfig/diff_drive_robot_gz_sim.pc'
[0.500s] Level 1:colcon.colcon_core.environment:checking '/home/robotai/ICTE4001/tb4_ws/install/diff_drive_robot_gz_sim/lib/python3.10/site-packages'
[0.500s] Level 1:colcon.colcon_core.environment:checking '/home/robotai/ICTE4001/tb4_ws/install/diff_drive_robot_gz_sim/bin'
[0.500s] INFO:colcon.colcon_core.shell:Creating package script '/home/robotai/ICTE4001/tb4_ws/install/diff_drive_robot_gz_sim/share/diff_drive_robot_gz_sim/package.ps1'
[0.501s] INFO:colcon.colcon_core.shell:Creating package descriptor '/home/robotai/ICTE4001/tb4_ws/install/diff_drive_robot_gz_sim/share/diff_drive_robot_gz_sim/package.dsv'
[0.501s] INFO:colcon.colcon_core.shell:Creating package script '/home/robotai/ICTE4001/tb4_ws/install/diff_drive_robot_gz_sim/share/diff_drive_robot_gz_sim/package.sh'
[0.501s] INFO:colcon.colcon_core.shell:Creating package script '/home/robotai/ICTE4001/tb4_ws/install/diff_drive_robot_gz_sim/share/diff_drive_robot_gz_sim/package.bash'
[0.502s] INFO:colcon.colcon_core.shell:Creating package script '/home/robotai/ICTE4001/tb4_ws/install/diff_drive_robot_gz_sim/share/diff_drive_robot_gz_sim/package.zsh'
[0.502s] Level 1:colcon.colcon_core.environment:create_file_with_runtime_dependencies(/home/robotai/ICTE4001/tb4_ws/install/diff_drive_robot_gz_sim/share/colcon-core/packages/diff_drive_robot_gz_sim)
[0.513s] Level 1:colcon.colcon_core.environment:create_environment_scripts_only(diff_drive_robot_gz_sim)
[0.513s] Level 1:colcon.colcon_core.environment:checking '/home/robotai/ICTE4001/tb4_ws/install/diff_drive_robot_gz_sim' for CMake module files
[0.514s] Level 1:colcon.colcon_core.environment:checking '/home/robotai/ICTE4001/tb4_ws/install/diff_drive_robot_gz_sim' for CMake config files
[0.514s] Level 1:colcon.colcon_core.shell:create_environment_hook('diff_drive_robot_gz_sim', 'cmake_prefix_path')
[0.514s] INFO:colcon.colcon_core.shell:Creating environment hook '/home/robotai/ICTE4001/tb4_ws/install/diff_drive_robot_gz_sim/share/diff_drive_robot_gz_sim/hook/cmake_prefix_path.ps1'
[0.514s] INFO:colcon.colcon_core.shell:Creating environment descriptor '/home/robotai/ICTE4001/tb4_ws/install/diff_drive_robot_gz_sim/share/diff_drive_robot_gz_sim/hook/cmake_prefix_path.dsv'
[0.514s] INFO:colcon.colcon_core.shell:Creating environment hook '/home/robotai/ICTE4001/tb4_ws/install/diff_drive_robot_gz_sim/share/diff_drive_robot_gz_sim/hook/cmake_prefix_path.sh'
[0.515s] Level 1:colcon.colcon_core.environment:checking '/home/robotai/ICTE4001/tb4_ws/install/diff_drive_robot_gz_sim/bin'
[0.515s] Level 1:colcon.colcon_core.environment:checking '/home/robotai/ICTE4001/tb4_ws/install/diff_drive_robot_gz_sim/lib/pkgconfig/diff_drive_robot_gz_sim.pc'
[0.515s] Level 1:colcon.colcon_core.environment:checking '/home/robotai/ICTE4001/tb4_ws/install/diff_drive_robot_gz_sim/lib/python3.10/site-packages'
[0.515s] Level 1:colcon.colcon_core.environment:checking '/home/robotai/ICTE4001/tb4_ws/install/diff_drive_robot_gz_sim/bin'
[0.515s] INFO:colcon.colcon_core.shell:Creating package script '/home/robotai/ICTE4001/tb4_ws/install/diff_drive_robot_gz_sim/share/diff_drive_robot_gz_sim/package.ps1'
[0.515s] INFO:colcon.colcon_core.shell:Creating package descriptor '/home/robotai/ICTE4001/tb4_ws/install/diff_drive_robot_gz_sim/share/diff_drive_robot_gz_sim/package.dsv'
[0.515s] INFO:colcon.colcon_core.shell:Creating package script '/home/robotai/ICTE4001/tb4_ws/install/diff_drive_robot_gz_sim/share/diff_drive_robot_gz_sim/package.sh'
[0.516s] INFO:colcon.colcon_core.shell:Creating package script '/home/robotai/ICTE4001/tb4_ws/install/diff_drive_robot_gz_sim/share/diff_drive_robot_gz_sim/package.bash'
[0.516s] INFO:colcon.colcon_core.shell:Creating package script '/home/robotai/ICTE4001/tb4_ws/install/diff_drive_robot_gz_sim/share/diff_drive_robot_gz_sim/package.zsh'
[0.516s] Level 1:colcon.colcon_core.environment:create_file_with_runtime_dependencies(/home/robotai/ICTE4001/tb4_ws/install/diff_drive_robot_gz_sim/share/colcon-core/packages/diff_drive_robot_gz_sim)
[0.833s] DEBUG:colcon.colcon_core.event_handler.log_command:Invoked command in '/home/robotai/ICTE4001/tb4_ws/build/tb4_cpp_prac3' returned '0': CMAKE_PREFIX_PATH=${CMAKE_PREFIX_PATH}:/opt/ros/humble /usr/bin/cmake /home/robotai/ICTE4001/tb4_ws/src/tb4_cpp_prac3 -DCMAKE_INSTALL_PREFIX=/home/robotai/ICTE4001/tb4_ws/install/tb4_cpp_prac3
[0.833s] DEBUG:colcon.colcon_core.event_handler.log_command:Invoking command in '/home/robotai/ICTE4001/tb4_ws/build/tb4_cpp_prac3': CMAKE_PREFIX_PATH=${CMAKE_PREFIX_PATH}:/opt/ros/humble /usr/bin/cmake --build /home/robotai/ICTE4001/tb4_ws/build/tb4_cpp_prac3 -- -j24 -l24
[0.900s] DEBUG:colcon.colcon_core.event_handler.log_command:Invoked command in '/home/robotai/ICTE4001/tb4_ws/build/tb4_cpp_prac2' returned '0': CMAKE_PREFIX_PATH=${CMAKE_PREFIX_PATH}:/opt/ros/humble /usr/bin/cmake /home/robotai/ICTE4001/tb4_ws/src/tb4_cpp_prac2 -DCMAKE_INSTALL_PREFIX=/home/robotai/ICTE4001/tb4_ws/install/tb4_cpp_prac2
[0.901s] DEBUG:colcon.colcon_core.event_handler.log_command:Invoking command in '/home/robotai/ICTE4001/tb4_ws/build/tb4_cpp_prac2': CMAKE_PREFIX_PATH=${CMAKE_PREFIX_PATH}:/opt/ros/humble /usr/bin/cmake --build /home/robotai/ICTE4001/tb4_ws/build/tb4_cpp_prac2 -- -j24 -l24
[0.905s] DEBUG:colcon.colcon_core.event_handler.log_command:Invoked command in '/home/robotai/ICTE4001/tb4_ws/build/tb4_cpp_prac1' returned '0': CMAKE_PREFIX_PATH=${CMAKE_PREFIX_PATH}:/opt/ros/humble /usr/bin/cmake /home/robotai/ICTE4001/tb4_ws/src/tb4_cpp_prac1 -DCMAKE_INSTALL_PREFIX=/home/robotai/ICTE4001/tb4_ws/install/tb4_cpp_prac1
[0.905s] DEBUG:colcon.colcon_core.event_handler.log_command:Invoking command in '/home/robotai/ICTE4001/tb4_ws/build/tb4_cpp_prac1': CMAKE_PREFIX_PATH=${CMAKE_PREFIX_PATH}:/opt/ros/humble /usr/bin/cmake --build /home/robotai/ICTE4001/tb4_ws/build/tb4_cpp_prac1 -- -j24 -l24
[3.014s] DEBUG:colcon.colcon_core.event_handler.log_command:Invoked command in '/home/robotai/ICTE4001/tb4_ws/build/tb4_cpp_prac5' returned '0': CMAKE_PREFIX_PATH=${CMAKE_PREFIX_PATH}:/opt/ros/humble /usr/bin/cmake /home/robotai/ICTE4001/tb4_ws/src/tb4_cpp_prac5 -DCMAKE_INSTALL_PREFIX=/home/robotai/ICTE4001/tb4_ws/install/tb4_cpp_prac5
[3.015s] DEBUG:colcon.colcon_core.event_handler.log_command:Invoking command in '/home/robotai/ICTE4001/tb4_ws/build/tb4_cpp_prac5': CMAKE_PREFIX_PATH=${CMAKE_PREFIX_PATH}:/opt/ros/humble /usr/bin/cmake --build /home/robotai/ICTE4001/tb4_ws/build/tb4_cpp_prac5 -- -j24 -l24
[5.005s] DEBUG:colcon.colcon_core.event_handler.log_command:Invoked command in '/home/robotai/ICTE4001/tb4_ws/build/tb4_cpp_prac3' returned '0': CMAKE_PREFIX_PATH=${CMAKE_PREFIX_PATH}:/opt/ros/humble /usr/bin/cmake --build /home/robotai/ICTE4001/tb4_ws/build/tb4_cpp_prac3 -- -j24 -l24
[5.023s] DEBUG:colcon.colcon_core.event_handler.log_command:Invoking command in '/home/robotai/ICTE4001/tb4_ws/build/tb4_cpp_prac3': CMAKE_PREFIX_PATH=${CMAKE_PREFIX_PATH}:/opt/ros/humble /usr/bin/cmake --install /home/robotai/ICTE4001/tb4_ws/build/tb4_cpp_prac3
[5.030s] Level 1:colcon.colcon_core.environment:create_environment_scripts_only(tb4_cpp_prac3)
[5.030s] Level 1:colcon.colcon_core.environment:checking '/home/robotai/ICTE4001/tb4_ws/install/tb4_cpp_prac3' for CMake module files
[5.031s] Level 1:colcon.colcon_core.environment:checking '/home/robotai/ICTE4001/tb4_ws/install/tb4_cpp_prac3' for CMake config files
[5.031s] Level 1:colcon.colcon_core.shell:create_environment_hook('tb4_cpp_prac3', 'cmake_prefix_path')
[5.031s] INFO:colcon.colcon_core.shell:Creating environment hook '/home/robotai/ICTE4001/tb4_ws/install/tb4_cpp_prac3/share/tb4_cpp_prac3/hook/cmake_prefix_path.ps1'
[5.031s] INFO:colcon.colcon_core.shell:Creating environment descriptor '/home/robotai/ICTE4001/tb4_ws/install/tb4_cpp_prac3/share/tb4_cpp_prac3/hook/cmake_prefix_path.dsv'
[5.031s] INFO:colcon.colcon_core.shell:Creating environment hook '/home/robotai/ICTE4001/tb4_ws/install/tb4_cpp_prac3/share/tb4_cpp_prac3/hook/cmake_prefix_path.sh'
[5.031s] Level 1:colcon.colcon_core.environment:checking '/home/robotai/ICTE4001/tb4_ws/install/tb4_cpp_prac3/lib'
[5.031s] Level 1:colcon.colcon_core.environment:checking '/home/robotai/ICTE4001/tb4_ws/install/tb4_cpp_prac3/bin'
[5.031s] Level 1:colcon.colcon_core.environment:checking '/home/robotai/ICTE4001/tb4_ws/install/tb4_cpp_prac3/lib/pkgconfig/tb4_cpp_prac3.pc'
[5.031s] Level 1:colcon.colcon_core.environment:checking '/home/robotai/ICTE4001/tb4_ws/install/tb4_cpp_prac3/lib/python3.10/site-packages'
[5.032s] Level 1:colcon.colcon_core.environment:checking '/home/robotai/ICTE4001/tb4_ws/install/tb4_cpp_prac3/bin'
[5.032s] INFO:colcon.colcon_core.shell:Creating package script '/home/robotai/ICTE4001/tb4_ws/install/tb4_cpp_prac3/share/tb4_cpp_prac3/package.ps1'
[5.032s] INFO:colcon.colcon_core.shell:Creating package descriptor '/home/robotai/ICTE4001/tb4_ws/install/tb4_cpp_prac3/share/tb4_cpp_prac3/package.dsv'
[5.032s] INFO:colcon.colcon_core.shell:Creating package script '/home/robotai/ICTE4001/tb4_ws/install/tb4_cpp_prac3/share/tb4_cpp_prac3/package.sh'
[5.032s] INFO:colcon.colcon_core.shell:Creating package script '/home/robotai/ICTE4001/tb4_ws/install/tb4_cpp_prac3/share/tb4_cpp_prac3/package.bash'
[5.032s] INFO:colcon.colcon_core.shell:Creating package script '/home/robotai/ICTE4001/tb4_ws/install/tb4_cpp_prac3/share/tb4_cpp_prac3/package.zsh'
[5.032s] Level 1:colcon.colcon_core.environment:create_file_with_runtime_dependencies(/home/robotai/ICTE4001/tb4_ws/install/tb4_cpp_prac3/share/colcon-core/packages/tb4_cpp_prac3)
[5.033s] DEBUG:colcon.colcon_core.event_handler.log_command:Invoked command in '/home/robotai/ICTE4001/tb4_ws/build/tb4_cpp_prac3' returned '0': CMAKE_PREFIX_PATH=${CMAKE_PREFIX_PATH}:/opt/ros/humble /usr/bin/cmake --install /home/robotai/ICTE4001/tb4_ws/build/tb4_cpp_prac3
[5.047s] Level 1:colcon.colcon_core.environment:create_environment_scripts_only(tb4_cpp_prac3)
[5.047s] Level 1:colcon.colcon_core.environment:checking '/home/robotai/ICTE4001/tb4_ws/install/tb4_cpp_prac3' for CMake module files
[5.047s] Level 1:colcon.colcon_core.environment:checking '/home/robotai/ICTE4001/tb4_ws/install/tb4_cpp_prac3' for CMake config files
[5.047s] Level 1:colcon.colcon_core.shell:create_environment_hook('tb4_cpp_prac3', 'cmake_prefix_path')
[5.047s] INFO:colcon.colcon_core.shell:Creating environment hook '/home/robotai/ICTE4001/tb4_ws/install/tb4_cpp_prac3/share/tb4_cpp_prac3/hook/cmake_prefix_path.ps1'
[5.048s] INFO:colcon.colcon_core.shell:Creating environment descriptor '/home/robotai/ICTE4001/tb4_ws/install/tb4_cpp_prac3/share/tb4_cpp_prac3/hook/cmake_prefix_path.dsv'
[5.048s] INFO:colcon.colcon_core.shell:Creating environment hook '/home/robotai/ICTE4001/tb4_ws/install/tb4_cpp_prac3/share/tb4_cpp_prac3/hook/cmake_prefix_path.sh'
[5.048s] Level 1:colcon.colcon_core.environment:checking '/home/robotai/ICTE4001/tb4_ws/install/tb4_cpp_prac3/lib'
[5.048s] Level 1:colcon.colcon_core.environment:checking '/home/robotai/ICTE4001/tb4_ws/install/tb4_cpp_prac3/bin'
[5.048s] Level 1:colcon.colcon_core.environment:checking '/home/robotai/ICTE4001/tb4_ws/install/tb4_cpp_prac3/lib/pkgconfig/tb4_cpp_prac3.pc'
[5.048s] Level 1:colcon.colcon_core.environment:checking '/home/robotai/ICTE4001/tb4_ws/install/tb4_cpp_prac3/lib/python3.10/site-packages'
[5.048s] Level 1:colcon.colcon_core.environment:checking '/home/robotai/ICTE4001/tb4_ws/install/tb4_cpp_prac3/bin'
[5.048s] INFO:colcon.colcon_core.shell:Creating package script '/home/robotai/ICTE4001/tb4_ws/install/tb4_cpp_prac3/share/tb4_cpp_prac3/package.ps1'
[5.049s] INFO:colcon.colcon_core.shell:Creating package descriptor '/home/robotai/ICTE4001/tb4_ws/install/tb4_cpp_prac3/share/tb4_cpp_prac3/package.dsv'
[5.049s] INFO:colcon.colcon_core.shell:Creating package script '/home/robotai/ICTE4001/tb4_ws/install/tb4_cpp_prac3/share/tb4_cpp_prac3/package.sh'
[5.049s] INFO:colcon.colcon_core.shell:Creating package script '/home/robotai/ICTE4001/tb4_ws/install/tb4_cpp_prac3/share/tb4_cpp_prac3/package.bash'
[5.049s] INFO:colcon.colcon_core.shell:Creating package script '/home/robotai/ICTE4001/tb4_ws/install/tb4_cpp_prac3/share/tb4_cpp_prac3/package.zsh'
[5.049s] Level 1:colcon.colcon_core.environment:create_file_with_runtime_dependencies(/home/robotai/ICTE4001/tb4_ws/install/tb4_cpp_prac3/share/colcon-core/packages/tb4_cpp_prac3)
[5.391s] DEBUG:colcon.colcon_core.event_handler.log_command:Invoked command in '/home/robotai/ICTE4001/tb4_ws/build/tb4_cpp_prac1' returned '0': CMAKE_PREFIX_PATH=${CMAKE_PREFIX_PATH}:/opt/ros/humble /usr/bin/cmake --build /home/robotai/ICTE4001/tb4_ws/build/tb4_cpp_prac1 -- -j24 -l24
[5.406s] DEBUG:colcon.colcon_core.event_handler.log_command:Invoked command in '/home/robotai/ICTE4001/tb4_ws/build/tb4_cpp_prac2' returned '0': CMAKE_PREFIX_PATH=${CMAKE_PREFIX_PATH}:/opt/ros/humble /usr/bin/cmake --build /home/robotai/ICTE4001/tb4_ws/build/tb4_cpp_prac2 -- -j24 -l24
[5.407s] DEBUG:colcon.colcon_core.event_handler.log_command:Invoking command in '/home/robotai/ICTE4001/tb4_ws/build/tb4_cpp_prac1': CMAKE_PREFIX_PATH=${CMAKE_PREFIX_PATH}:/opt/ros/humble /usr/bin/cmake --install /home/robotai/ICTE4001/tb4_ws/build/tb4_cpp_prac1
[5.415s] Level 1:colcon.colcon_core.environment:create_environment_scripts_only(tb4_cpp_prac1)
[5.415s] Level 1:colcon.colcon_core.environment:checking '/home/robotai/ICTE4001/tb4_ws/install/tb4_cpp_prac1' for CMake module files
[5.416s] Level 1:colcon.colcon_core.environment:checking '/home/robotai/ICTE4001/tb4_ws/install/tb4_cpp_prac1' for CMake config files
[5.416s] Level 1:colcon.colcon_core.shell:create_environment_hook('tb4_cpp_prac1', 'cmake_prefix_path')
[5.416s] INFO:colcon.colcon_core.shell:Creating environment hook '/home/robotai/ICTE4001/tb4_ws/install/tb4_cpp_prac1/share/tb4_cpp_prac1/hook/cmake_prefix_path.ps1'
[5.416s] INFO:colcon.colcon_core.shell:Creating environment descriptor '/home/robotai/ICTE4001/tb4_ws/install/tb4_cpp_prac1/share/tb4_cpp_prac1/hook/cmake_prefix_path.dsv'
[5.416s] INFO:colcon.colcon_core.shell:Creating environment hook '/home/robotai/ICTE4001/tb4_ws/install/tb4_cpp_prac1/share/tb4_cpp_prac1/hook/cmake_prefix_path.sh'
[5.416s] Level 1:colcon.colcon_core.environment:checking '/home/robotai/ICTE4001/tb4_ws/install/tb4_cpp_prac1/lib'
[5.416s] Level 1:colcon.colcon_core.environment:checking '/home/robotai/ICTE4001/tb4_ws/install/tb4_cpp_prac1/bin'
[5.416s] Level 1:colcon.colcon_core.environment:checking '/home/robotai/ICTE4001/tb4_ws/install/tb4_cpp_prac1/lib/pkgconfig/tb4_cpp_prac1.pc'
[5.416s] Level 1:colcon.colcon_core.environment:checking '/home/robotai/ICTE4001/tb4_ws/install/tb4_cpp_prac1/lib/python3.10/site-packages'
[5.417s] Level 1:colcon.colcon_core.environment:checking '/home/robotai/ICTE4001/tb4_ws/install/tb4_cpp_prac1/bin'
[5.417s] INFO:colcon.colcon_core.shell:Creating package script '/home/robotai/ICTE4001/tb4_ws/install/tb4_cpp_prac1/share/tb4_cpp_prac1/package.ps1'
[5.417s] INFO:colcon.colcon_core.shell:Creating package descriptor '/home/robotai/ICTE4001/tb4_ws/install/tb4_cpp_prac1/share/tb4_cpp_prac1/package.dsv'
[5.417s] INFO:colcon.colcon_core.shell:Creating package script '/home/robotai/ICTE4001/tb4_ws/install/tb4_cpp_prac1/share/tb4_cpp_prac1/package.sh'
[5.417s] INFO:colcon.colcon_core.shell:Creating package script '/home/robotai/ICTE4001/tb4_ws/install/tb4_cpp_prac1/share/tb4_cpp_prac1/package.bash'
[5.417s] INFO:colcon.colcon_core.shell:Creating package script '/home/robotai/ICTE4001/tb4_ws/install/tb4_cpp_prac1/share/tb4_cpp_prac1/package.zsh'
[5.417s] Level 1:colcon.colcon_core.environment:create_file_with_runtime_dependencies(/home/robotai/ICTE4001/tb4_ws/install/tb4_cpp_prac1/share/colcon-core/packages/tb4_cpp_prac1)
[5.418s] DEBUG:colcon.colcon_core.event_handler.log_command:Invoked command in '/home/robotai/ICTE4001/tb4_ws/build/tb4_cpp_prac1' returned '0': CMAKE_PREFIX_PATH=${CMAKE_PREFIX_PATH}:/opt/ros/humble /usr/bin/cmake --install /home/robotai/ICTE4001/tb4_ws/build/tb4_cpp_prac1
[5.418s] DEBUG:colcon.colcon_core.event_handler.log_command:Invoking command in '/home/robotai/ICTE4001/tb4_ws/build/tb4_cpp_prac2': CMAKE_PREFIX_PATH=${CMAKE_PREFIX_PATH}:/opt/ros/humble /usr/bin/cmake --install /home/robotai/ICTE4001/tb4_ws/build/tb4_cpp_prac2
[5.426s] Level 1:colcon.colcon_core.environment:create_environment_scripts_only(tb4_cpp_prac2)
[5.426s] Level 1:colcon.colcon_core.environment:checking '/home/robotai/ICTE4001/tb4_ws/install/tb4_cpp_prac2' for CMake module files
[5.426s] Level 1:colcon.colcon_core.environment:checking '/home/robotai/ICTE4001/tb4_ws/install/tb4_cpp_prac2' for CMake config files
[5.426s] Level 1:colcon.colcon_core.shell:create_environment_hook('tb4_cpp_prac2', 'cmake_prefix_path')
[5.426s] INFO:colcon.colcon_core.shell:Creating environment hook '/home/robotai/ICTE4001/tb4_ws/install/tb4_cpp_prac2/share/tb4_cpp_prac2/hook/cmake_prefix_path.ps1'
[5.426s] INFO:colcon.colcon_core.shell:Creating environment descriptor '/home/robotai/ICTE4001/tb4_ws/install/tb4_cpp_prac2/share/tb4_cpp_prac2/hook/cmake_prefix_path.dsv'
[5.426s] INFO:colcon.colcon_core.shell:Creating environment hook '/home/robotai/ICTE4001/tb4_ws/install/tb4_cpp_prac2/share/tb4_cpp_prac2/hook/cmake_prefix_path.sh'
[5.427s] Level 1:colcon.colcon_core.environment:checking '/home/robotai/ICTE4001/tb4_ws/install/tb4_cpp_prac2/lib'
[5.427s] Level 1:colcon.colcon_core.environment:checking '/home/robotai/ICTE4001/tb4_ws/install/tb4_cpp_prac2/bin'
[5.427s] Level 1:colcon.colcon_core.environment:checking '/home/robotai/ICTE4001/tb4_ws/install/tb4_cpp_prac2/lib/pkgconfig/tb4_cpp_prac2.pc'
[5.427s] Level 1:colcon.colcon_core.environment:checking '/home/robotai/ICTE4001/tb4_ws/install/tb4_cpp_prac2/lib/python3.10/site-packages'
[5.427s] Level 1:colcon.colcon_core.environment:checking '/home/robotai/ICTE4001/tb4_ws/install/tb4_cpp_prac2/bin'
[5.427s] INFO:colcon.colcon_core.shell:Creating package script '/home/robotai/ICTE4001/tb4_ws/install/tb4_cpp_prac2/share/tb4_cpp_prac2/package.ps1'
[5.427s] INFO:colcon.colcon_core.shell:Creating package descriptor '/home/robotai/ICTE4001/tb4_ws/install/tb4_cpp_prac2/share/tb4_cpp_prac2/package.dsv'
[5.427s] INFO:colcon.colcon_core.shell:Creating package script '/home/robotai/ICTE4001/tb4_ws/install/tb4_cpp_prac2/share/tb4_cpp_prac2/package.sh'
[5.427s] INFO:colcon.colcon_core.shell:Creating package script '/home/robotai/ICTE4001/tb4_ws/install/tb4_cpp_prac2/share/tb4_cpp_prac2/package.bash'
[5.427s] INFO:colcon.colcon_core.shell:Creating package script '/home/robotai/ICTE4001/tb4_ws/install/tb4_cpp_prac2/share/tb4_cpp_prac2/package.zsh'
[5.427s] Level 1:colcon.colcon_core.environment:create_file_with_runtime_dependencies(/home/robotai/ICTE4001/tb4_ws/install/tb4_cpp_prac2/share/colcon-core/packages/tb4_cpp_prac2)
[5.426s] DEBUG:colcon.colcon_core.event_handler.log_command:Invoked command in '/home/robotai/ICTE4001/tb4_ws/build/tb4_cpp_prac2' returned '0': CMAKE_PREFIX_PATH=${CMAKE_PREFIX_PATH}:/opt/ros/humble /usr/bin/cmake --install /home/robotai/ICTE4001/tb4_ws/build/tb4_cpp_prac2
[5.431s] Level 1:colcon.colcon_core.environment:create_environment_scripts_only(tb4_cpp_prac1)
[5.432s] Level 1:colcon.colcon_core.environment:checking '/home/robotai/ICTE4001/tb4_ws/install/tb4_cpp_prac1' for CMake module files
[5.432s] Level 1:colcon.colcon_core.environment:checking '/home/robotai/ICTE4001/tb4_ws/install/tb4_cpp_prac1' for CMake config files
[5.432s] Level 1:colcon.colcon_core.shell:create_environment_hook('tb4_cpp_prac1', 'cmake_prefix_path')
[5.432s] INFO:colcon.colcon_core.shell:Creating environment hook '/home/robotai/ICTE4001/tb4_ws/install/tb4_cpp_prac1/share/tb4_cpp_prac1/hook/cmake_prefix_path.ps1'
[5.432s] INFO:colcon.colcon_core.shell:Creating environment descriptor '/home/robotai/ICTE4001/tb4_ws/install/tb4_cpp_prac1/share/tb4_cpp_prac1/hook/cmake_prefix_path.dsv'
[5.432s] INFO:colcon.colcon_core.shell:Creating environment hook '/home/robotai/ICTE4001/tb4_ws/install/tb4_cpp_prac1/share/tb4_cpp_prac1/hook/cmake_prefix_path.sh'
[5.432s] Level 1:colcon.colcon_core.environment:checking '/home/robotai/ICTE4001/tb4_ws/install/tb4_cpp_prac1/lib'
[5.432s] Level 1:colcon.colcon_core.environment:checking '/home/robotai/ICTE4001/tb4_ws/install/tb4_cpp_prac1/bin'
[5.432s] Level 1:colcon.colcon_core.environment:checking '/home/robotai/ICTE4001/tb4_ws/install/tb4_cpp_prac1/lib/pkgconfig/tb4_cpp_prac1.pc'
[5.432s] Level 1:colcon.colcon_core.environment:checking '/home/robotai/ICTE4001/tb4_ws/install/tb4_cpp_prac1/lib/python3.10/site-packages'
[5.432s] Level 1:colcon.colcon_core.environment:checking '/home/robotai/ICTE4001/tb4_ws/install/tb4_cpp_prac1/bin'
[5.433s] INFO:colcon.colcon_core.shell:Creating package script '/home/robotai/ICTE4001/tb4_ws/install/tb4_cpp_prac1/share/tb4_cpp_prac1/package.ps1'
[5.433s] INFO:colcon.colcon_core.shell:Creating package descriptor '/home/robotai/ICTE4001/tb4_ws/install/tb4_cpp_prac1/share/tb4_cpp_prac1/package.dsv'
[5.433s] INFO:colcon.colcon_core.shell:Creating package script '/home/robotai/ICTE4001/tb4_ws/install/tb4_cpp_prac1/share/tb4_cpp_prac1/package.sh'
[5.433s] INFO:colcon.colcon_core.shell:Creating package script '/home/robotai/ICTE4001/tb4_ws/install/tb4_cpp_prac1/share/tb4_cpp_prac1/package.bash'
[5.433s] INFO:colcon.colcon_core.shell:Creating package script '/home/robotai/ICTE4001/tb4_ws/install/tb4_cpp_prac1/share/tb4_cpp_prac1/package.zsh'
[5.433s] Level 1:colcon.colcon_core.environment:create_file_with_runtime_dependencies(/home/robotai/ICTE4001/tb4_ws/install/tb4_cpp_prac1/share/colcon-core/packages/tb4_cpp_prac1)
[5.441s] Level 1:colcon.colcon_core.environment:create_environment_scripts_only(tb4_cpp_prac2)
[5.441s] Level 1:colcon.colcon_core.environment:checking '/home/robotai/ICTE4001/tb4_ws/install/tb4_cpp_prac2' for CMake module files
[5.441s] Level 1:colcon.colcon_core.environment:checking '/home/robotai/ICTE4001/tb4_ws/install/tb4_cpp_prac2' for CMake config files
[5.441s] Level 1:colcon.colcon_core.shell:create_environment_hook('tb4_cpp_prac2', 'cmake_prefix_path')
[5.441s] INFO:colcon.colcon_core.shell:Creating environment hook '/home/robotai/ICTE4001/tb4_ws/install/tb4_cpp_prac2/share/tb4_cpp_prac2/hook/cmake_prefix_path.ps1'
[5.441s] INFO:colcon.colcon_core.shell:Creating environment descriptor '/home/robotai/ICTE4001/tb4_ws/install/tb4_cpp_prac2/share/tb4_cpp_prac2/hook/cmake_prefix_path.dsv'
[5.441s] INFO:colcon.colcon_core.shell:Creating environment hook '/home/robotai/ICTE4001/tb4_ws/install/tb4_cpp_prac2/share/tb4_cpp_prac2/hook/cmake_prefix_path.sh'
[5.442s] Level 1:colcon.colcon_core.environment:checking '/home/robotai/ICTE4001/tb4_ws/install/tb4_cpp_prac2/lib'
[5.442s] Level 1:colcon.colcon_core.environment:checking '/home/robotai/ICTE4001/tb4_ws/install/tb4_cpp_prac2/bin'
[5.442s] Level 1:colcon.colcon_core.environment:checking '/home/robotai/ICTE4001/tb4_ws/install/tb4_cpp_prac2/lib/pkgconfig/tb4_cpp_prac2.pc'
[5.442s] Level 1:colcon.colcon_core.environment:checking '/home/robotai/ICTE4001/tb4_ws/install/tb4_cpp_prac2/lib/python3.10/site-packages'
[5.442s] Level 1:colcon.colcon_core.environment:checking '/home/robotai/ICTE4001/tb4_ws/install/tb4_cpp_prac2/bin'
[5.442s] INFO:colcon.colcon_core.shell:Creating package script '/home/robotai/ICTE4001/tb4_ws/install/tb4_cpp_prac2/share/tb4_cpp_prac2/package.ps1'
[5.442s] INFO:colcon.colcon_core.shell:Creating package descriptor '/home/robotai/ICTE4001/tb4_ws/install/tb4_cpp_prac2/share/tb4_cpp_prac2/package.dsv'
[5.442s] INFO:colcon.colcon_core.shell:Creating package script '/home/robotai/ICTE4001/tb4_ws/install/tb4_cpp_prac2/share/tb4_cpp_prac2/package.sh'
[5.443s] INFO:colcon.colcon_core.shell:Creating package script '/home/robotai/ICTE4001/tb4_ws/install/tb4_cpp_prac2/share/tb4_cpp_prac2/package.bash'
[5.443s] INFO:colcon.colcon_core.shell:Creating package script '/home/robotai/ICTE4001/tb4_ws/install/tb4_cpp_prac2/share/tb4_cpp_prac2/package.zsh'
[5.443s] Level 1:colcon.colcon_core.environment:create_file_with_runtime_dependencies(/home/robotai/ICTE4001/tb4_ws/install/tb4_cpp_prac2/share/colcon-core/packages/tb4_cpp_prac2)
[11.921s] DEBUG:colcon.colcon_core.event_handler.log_command:Invoked command in '/home/robotai/ICTE4001/tb4_ws/build/tb4_cpp_prac5' returned '0': CMAKE_PREFIX_PATH=${CMAKE_PREFIX_PATH}:/opt/ros/humble /usr/bin/cmake --build /home/robotai/ICTE4001/tb4_ws/build/tb4_cpp_prac5 -- -j24 -l24
[11.938s] DEBUG:colcon.colcon_core.event_handler.log_command:Invoking command in '/home/robotai/ICTE4001/tb4_ws/build/tb4_cpp_prac5': CMAKE_PREFIX_PATH=${CMAKE_PREFIX_PATH}:/opt/ros/humble /usr/bin/cmake --install /home/robotai/ICTE4001/tb4_ws/build/tb4_cpp_prac5
[11.952s] Level 1:colcon.colcon_core.environment:create_environment_scripts_only(tb4_cpp_prac5)
[11.953s] Level 1:colcon.colcon_core.environment:checking '/home/robotai/ICTE4001/tb4_ws/install/tb4_cpp_prac5' for CMake module files
[11.953s] Level 1:colcon.colcon_core.environment:checking '/home/robotai/ICTE4001/tb4_ws/install/tb4_cpp_prac5' for CMake config files
[11.953s] Level 1:colcon.colcon_core.shell:create_environment_hook('tb4_cpp_prac5', 'cmake_prefix_path')
[11.953s] INFO:colcon.colcon_core.shell:Creating environment hook '/home/robotai/ICTE4001/tb4_ws/install/tb4_cpp_prac5/share/tb4_cpp_prac5/hook/cmake_prefix_path.ps1'
[11.953s] DEBUG:colcon.colcon_core.event_handler.log_command:Invoked command in '/home/robotai/ICTE4001/tb4_ws/build/tb4_cpp_prac5' returned '0': CMAKE_PREFIX_PATH=${CMAKE_PREFIX_PATH}:/opt/ros/humble /usr/bin/cmake --install /home/robotai/ICTE4001/tb4_ws/build/tb4_cpp_prac5
[11.953s] INFO:colcon.colcon_core.shell:Creating environment descriptor '/home/robotai/ICTE4001/tb4_ws/install/tb4_cpp_prac5/share/tb4_cpp_prac5/hook/cmake_prefix_path.dsv'
[11.953s] INFO:colcon.colcon_core.shell:Creating environment hook '/home/robotai/ICTE4001/tb4_ws/install/tb4_cpp_prac5/share/tb4_cpp_prac5/hook/cmake_prefix_path.sh'
[11.954s] Level 1:colcon.colcon_core.environment:checking '/home/robotai/ICTE4001/tb4_ws/install/tb4_cpp_prac5/lib'
[11.954s] Level 1:colcon.colcon_core.environment:checking '/home/robotai/ICTE4001/tb4_ws/install/tb4_cpp_prac5/bin'
[11.954s] Level 1:colcon.colcon_core.environment:checking '/home/robotai/ICTE4001/tb4_ws/install/tb4_cpp_prac5/lib/pkgconfig/tb4_cpp_prac5.pc'
[11.954s] Level 1:colcon.colcon_core.environment:checking '/home/robotai/ICTE4001/tb4_ws/install/tb4_cpp_prac5/lib/python3.10/site-packages'
[11.954s] Level 1:colcon.colcon_core.environment:checking '/home/robotai/ICTE4001/tb4_ws/install/tb4_cpp_prac5/bin'
[11.954s] INFO:colcon.colcon_core.shell:Creating package script '/home/robotai/ICTE4001/tb4_ws/install/tb4_cpp_prac5/share/tb4_cpp_prac5/package.ps1'
[11.954s] INFO:colcon.colcon_core.shell:Creating package descriptor '/home/robotai/ICTE4001/tb4_ws/install/tb4_cpp_prac5/share/tb4_cpp_prac5/package.dsv'
[11.954s] INFO:colcon.colcon_core.shell:Creating package script '/home/robotai/ICTE4001/tb4_ws/install/tb4_cpp_prac5/share/tb4_cpp_prac5/package.sh'
[11.954s] INFO:colcon.colcon_core.shell:Creating package script '/home/robotai/ICTE4001/tb4_ws/install/tb4_cpp_prac5/share/tb4_cpp_prac5/package.bash'
[11.954s] INFO:colcon.colcon_core.shell:Creating package script '/home/robotai/ICTE4001/tb4_ws/install/tb4_cpp_prac5/share/tb4_cpp_prac5/package.zsh'
[11.955s] Level 1:colcon.colcon_core.environment:create_file_with_runtime_dependencies(/home/robotai/ICTE4001/tb4_ws/install/tb4_cpp_prac5/share/colcon-core/packages/tb4_cpp_prac5)
[11.969s] Level 1:colcon.colcon_core.environment:create_environment_scripts_only(tb4_cpp_prac5)
[11.969s] Level 1:colcon.colcon_core.environment:checking '/home/robotai/ICTE4001/tb4_ws/install/tb4_cpp_prac5' for CMake module files
[11.969s] Level 1:colcon.colcon_core.environment:checking '/home/robotai/ICTE4001/tb4_ws/install/tb4_cpp_prac5' for CMake config files
[11.969s] Level 1:colcon.colcon_core.shell:create_environment_hook('tb4_cpp_prac5', 'cmake_prefix_path')
[11.969s] INFO:colcon.colcon_core.shell:Creating environment hook '/home/robotai/ICTE4001/tb4_ws/install/tb4_cpp_prac5/share/tb4_cpp_prac5/hook/cmake_prefix_path.ps1'
[11.970s] INFO:colcon.colcon_core.shell:Creating environment descriptor '/home/robotai/ICTE4001/tb4_ws/install/tb4_cpp_prac5/share/tb4_cpp_prac5/hook/cmake_prefix_path.dsv'
[11.970s] INFO:colcon.colcon_core.shell:Creating environment hook '/home/robotai/ICTE4001/tb4_ws/install/tb4_cpp_prac5/share/tb4_cpp_prac5/hook/cmake_prefix_path.sh'
[11.970s] Level 1:colcon.colcon_core.environment:checking '/home/robotai/ICTE4001/tb4_ws/install/tb4_cpp_prac5/lib'
[11.970s] Level 1:colcon.colcon_core.environment:checking '/home/robotai/ICTE4001/tb4_ws/install/tb4_cpp_prac5/bin'
[11.970s] Level 1:colcon.colcon_core.environment:checking '/home/robotai/ICTE4001/tb4_ws/install/tb4_cpp_prac5/lib/pkgconfig/tb4_cpp_prac5.pc'
[11.970s] Level 1:colcon.colcon_core.environment:checking '/home/robotai/ICTE4001/tb4_ws/install/tb4_cpp_prac5/lib/python3.10/site-packages'
[11.970s] Level 1:colcon.colcon_core.environment:checking '/home/robotai/ICTE4001/tb4_ws/install/tb4_cpp_prac5/bin'
[11.970s] INFO:colcon.colcon_core.shell:Creating package script '/home/robotai/ICTE4001/tb4_ws/install/tb4_cpp_prac5/share/tb4_cpp_prac5/package.ps1'
[11.970s] INFO:colcon.colcon_core.shell:Creating package descriptor '/home/robotai/ICTE4001/tb4_ws/install/tb4_cpp_prac5/share/tb4_cpp_prac5/package.dsv'
[11.971s] INFO:colcon.colcon_core.shell:Creating package script '/home/robotai/ICTE4001/tb4_ws/install/tb4_cpp_prac5/share/tb4_cpp_prac5/package.sh'
[11.971s] INFO:colcon.colcon_core.shell:Creating package script '/home/robotai/ICTE4001/tb4_ws/install/tb4_cpp_prac5/share/tb4_cpp_prac5/package.bash'
[11.971s] INFO:colcon.colcon_core.shell:Creating package script '/home/robotai/ICTE4001/tb4_ws/install/tb4_cpp_prac5/share/tb4_cpp_prac5/package.zsh'
[11.971s] Level 1:colcon.colcon_core.environment:create_file_with_runtime_dependencies(/home/robotai/ICTE4001/tb4_ws/install/tb4_cpp_prac5/share/colcon-core/packages/tb4_cpp_prac5)
[11.971s] DEBUG:colcon.colcon_parallel_executor.executor.parallel:closing loop
[11.971s] DEBUG:colcon.colcon_parallel_executor.executor.parallel:loop closed
[11.971s] DEBUG:colcon.colcon_parallel_executor.executor.parallel:run_until_complete finished with '0'
[11.971s] DEBUG:colcon.colcon_core.event_reactor:joining thread
[11.974s] INFO:colcon.colcon_core.plugin_system:Skipping extension 'colcon_notification.desktop_notification.terminal_notifier': Not used on non-Darwin systems
[11.974s] INFO:colcon.colcon_core.plugin_system:Skipping extension 'colcon_notification.desktop_notification.win32': Not used on non-Windows systems
[11.974s] INFO:colcon.colcon_notification.desktop_notification:Sending desktop notification using 'notify2'
[11.979s] DEBUG:colcon.colcon_core.event_reactor:joined thread
[11.980s] INFO:colcon.colcon_core.shell:Creating prefix script '/home/robotai/ICTE4001/tb4_ws/install/local_setup.ps1'
[11.980s] INFO:colcon.colcon_core.shell:Creating prefix util module '/home/robotai/ICTE4001/tb4_ws/install/_local_setup_util_ps1.py'
[11.981s] INFO:colcon.colcon_core.shell:Creating prefix chain script '/home/robotai/ICTE4001/tb4_ws/install/setup.ps1'
[11.981s] INFO:colcon.colcon_core.shell:Creating prefix script '/home/robotai/ICTE4001/tb4_ws/install/local_setup.sh'
[11.981s] INFO:colcon.colcon_core.shell:Creating prefix util module '/home/robotai/ICTE4001/tb4_ws/install/_local_setup_util_sh.py'
[11.981s] INFO:colcon.colcon_core.shell:Creating prefix chain script '/home/robotai/ICTE4001/tb4_ws/install/setup.sh'
[11.983s] INFO:colcon.colcon_core.shell:Creating prefix script '/home/robotai/ICTE4001/tb4_ws/install/local_setup.bash'
[11.983s] INFO:colcon.colcon_core.shell:Creating prefix chain script '/home/robotai/ICTE4001/tb4_ws/install/setup.bash'
[11.983s] INFO:colcon.colcon_core.shell:Creating prefix script '/home/robotai/ICTE4001/tb4_ws/install/local_setup.zsh'
[11.983s] INFO:colcon.colcon_core.shell:Creating prefix chain script '/home/robotai/ICTE4001/tb4_ws/install/setup.zsh'
