[0.012s] Invoking command in '/home/robotai/ICTE4001/tb4_ws/build/tb4_cpp_prac2': CMAKE_PREFIX_PATH=${CMAKE_PREFIX_PATH}:/opt/ros/humble /usr/bin/cmake /home/robotai/ICTE4001/tb4_ws/src/tb4_cpp_prac2 -DCMAKE_INSTALL_PREFIX=/home/robotai/ICTE4001/tb4_ws/install/tb4_cpp_prac2
[0.037s] -- The C compiler identification is GNU 11.4.0
[0.065s] -- The CXX compiler identification is GNU 11.4.0
[0.067s] -- Detecting C compiler ABI info
[0.103s] -- Detecting C compiler ABI info - done
[0.106s] -- Check for working C compiler: /usr/bin/cc - skipped
[0.108s] -- Detecting C compile features
[0.108s] -- Detecting C compile features - done
[0.109s] -- Detecting CXX compiler ABI info
[0.150s] -- Detecting CXX compiler ABI info - done
[0.155s] -- Check for working CXX compiler: /usr/bin/c++ - skipped
[0.155s] -- Detecting CXX compile features
[0.155s] -- Detecting CXX compile features - done
[0.155s] -- Found ament_cmake: 1.3.9 (/opt/ros/humble/share/ament_cmake/cmake)
[0.226s] -- Found Python3: /usr/bin/python3 (found version "3.10.12") found components: Interpreter 
[0.265s] -- Found rclcpp: 16.0.9 (/opt/ros/humble/share/rclcpp/cmake)
[0.282s] -- Found rosidl_generator_c: 3.1.5 (/opt/ros/humble/share/rosidl_generator_c/cmake)
[0.284s] -- Found rosidl_adapter: 3.1.5 (/opt/ros/humble/share/rosidl_adapter/cmake)
[0.287s] -- Found rosidl_generator_cpp: 3.1.5 (/opt/ros/humble/share/rosidl_generator_cpp/cmake)
[0.293s] -- Using all available rosidl_typesupport_c: rosidl_typesupport_fastrtps_c;rosidl_typesupport_introspection_c
[0.301s] -- Using all available rosidl_typesupport_cpp: rosidl_typesupport_fastrtps_cpp;rosidl_typesupport_introspection_cpp
[0.329s] -- Found rmw_implementation_cmake: 6.1.2 (/opt/ros/humble/share/rmw_implementation_cmake/cmake)
[0.329s] -- Found rmw_fastrtps_cpp: 6.2.6 (/opt/ros/humble/share/rmw_fastrtps_cpp/cmake)
[0.373s] -- Found OpenSSL: /usr/lib/x86_64-linux-gnu/libcrypto.so (found version "3.0.2")  
[0.386s] -- Found FastRTPS: /opt/ros/humble/include  
[0.408s] -- Using RMW implementation 'rmw_fastrtps_cpp' as default
[0.412s] -- Looking for pthread.h
[0.449s] -- Looking for pthread.h - found
[0.449s] -- Performing Test CMAKE_HAVE_LIBC_PTHREAD
[0.485s] -- Performing Test CMAKE_HAVE_LIBC_PTHREAD - Success
[0.486s] -- Found Threads: TRUE  
[0.552s] -- Found irobot_create_msgs: 2.1.0 (/opt/ros/humble/share/irobot_create_msgs/cmake)
[0.651s] -- Found std_srvs: 4.2.4 (/opt/ros/humble/share/std_srvs/cmake)
[0.658s] -- Found rclcpp_action: 16.0.9 (/opt/ros/humble/share/rclcpp_action/cmake)
[0.670s] -- Found nav_msgs: 4.2.4 (/opt/ros/humble/share/nav_msgs/cmake)
[0.706s] -- Found ament_lint_auto: 0.12.11 (/opt/ros/humble/share/ament_lint_auto/cmake)
[0.745s] -- Added test 'cppcheck' to perform static code analysis on C / C++ code
[0.745s] -- Configured cppcheck include dirs: $<BUILD_INTERFACE:/home/robotai/ICTE4001/tb4_ws/src/tb4_cpp_prac2/include>
[0.745s] -- Configured cppcheck exclude dirs and/or files: 
[0.745s] -- Added test 'lint_cmake' to check CMake code style
[0.745s] -- Added test 'uncrustify' to check C / C++ code style
[0.745s] -- Configured uncrustify additional arguments: 
[0.745s] -- Added test 'xmllint' to check XML markup files
[0.746s] -- Configuring done
[0.749s] -- Generating done
[0.750s] -- Build files have been written to: /home/robotai/ICTE4001/tb4_ws/build/tb4_cpp_prac2
[0.756s] Invoked command in '/home/robotai/ICTE4001/tb4_ws/build/tb4_cpp_prac2' returned '0': CMAKE_PREFIX_PATH=${CMAKE_PREFIX_PATH}:/opt/ros/humble /usr/bin/cmake /home/robotai/ICTE4001/tb4_ws/src/tb4_cpp_prac2 -DCMAKE_INSTALL_PREFIX=/home/robotai/ICTE4001/tb4_ws/install/tb4_cpp_prac2
[0.757s] Invoking command in '/home/robotai/ICTE4001/tb4_ws/build/tb4_cpp_prac2': CMAKE_PREFIX_PATH=${CMAKE_PREFIX_PATH}:/opt/ros/humble /usr/bin/cmake --build /home/robotai/ICTE4001/tb4_ws/build/tb4_cpp_prac2 -- -j24 -l24
[0.780s] [ 50%] [32mBuilding CXX object CMakeFiles/tb4_arc_action.dir/src/tb4_arc_action.cpp.o[0m
[5.046s] [100%] [32m[1mLinking CXX executable tb4_arc_action[0m
[5.254s] [100%] Built target tb4_arc_action
[5.262s] Invoked command in '/home/robotai/ICTE4001/tb4_ws/build/tb4_cpp_prac2' returned '0': CMAKE_PREFIX_PATH=${CMAKE_PREFIX_PATH}:/opt/ros/humble /usr/bin/cmake --build /home/robotai/ICTE4001/tb4_ws/build/tb4_cpp_prac2 -- -j24 -l24
[5.274s] Invoking command in '/home/robotai/ICTE4001/tb4_ws/build/tb4_cpp_prac2': CMAKE_PREFIX_PATH=${CMAKE_PREFIX_PATH}:/opt/ros/humble /usr/bin/cmake --install /home/robotai/ICTE4001/tb4_ws/build/tb4_cpp_prac2
[5.278s] -- Install configuration: ""
[5.278s] -- Installing: /home/robotai/ICTE4001/tb4_ws/install/tb4_cpp_prac2/lib/tb4_cpp_prac2/tb4_arc_action
[5.280s] -- Set runtime path of "/home/robotai/ICTE4001/tb4_ws/install/tb4_cpp_prac2/lib/tb4_cpp_prac2/tb4_arc_action" to ""
[5.280s] -- Installing: /home/robotai/ICTE4001/tb4_ws/install/tb4_cpp_prac2/share/ament_index/resource_index/package_run_dependencies/tb4_cpp_prac2
[5.280s] -- Installing: /home/robotai/ICTE4001/tb4_ws/install/tb4_cpp_prac2/share/ament_index/resource_index/parent_prefix_path/tb4_cpp_prac2
[5.280s] -- Installing: /home/robotai/ICTE4001/tb4_ws/install/tb4_cpp_prac2/share/tb4_cpp_prac2/environment/ament_prefix_path.sh
[5.280s] -- Installing: /home/robotai/ICTE4001/tb4_ws/install/tb4_cpp_prac2/share/tb4_cpp_prac2/environment/ament_prefix_path.dsv
[5.280s] -- Installing: /home/robotai/ICTE4001/tb4_ws/install/tb4_cpp_prac2/share/tb4_cpp_prac2/environment/path.sh
[5.280s] -- Installing: /home/robotai/ICTE4001/tb4_ws/install/tb4_cpp_prac2/share/tb4_cpp_prac2/environment/path.dsv
[5.280s] -- Installing: /home/robotai/ICTE4001/tb4_ws/install/tb4_cpp_prac2/share/tb4_cpp_prac2/local_setup.bash
[5.280s] -- Installing: /home/robotai/ICTE4001/tb4_ws/install/tb4_cpp_prac2/share/tb4_cpp_prac2/local_setup.sh
[5.280s] -- Installing: /home/robotai/ICTE4001/tb4_ws/install/tb4_cpp_prac2/share/tb4_cpp_prac2/local_setup.zsh
[5.280s] -- Installing: /home/robotai/ICTE4001/tb4_ws/install/tb4_cpp_prac2/share/tb4_cpp_prac2/local_setup.dsv
[5.281s] -- Installing: /home/robotai/ICTE4001/tb4_ws/install/tb4_cpp_prac2/share/tb4_cpp_prac2/package.dsv
[5.281s] -- Installing: /home/robotai/ICTE4001/tb4_ws/install/tb4_cpp_prac2/share/ament_index/resource_index/packages/tb4_cpp_prac2
[5.281s] -- Installing: /home/robotai/ICTE4001/tb4_ws/install/tb4_cpp_prac2/share/tb4_cpp_prac2/cmake/tb4_cpp_prac2Config.cmake
[5.281s] -- Installing: /home/robotai/ICTE4001/tb4_ws/install/tb4_cpp_prac2/share/tb4_cpp_prac2/cmake/tb4_cpp_prac2Config-version.cmake
[5.281s] -- Installing: /home/robotai/ICTE4001/tb4_ws/install/tb4_cpp_prac2/share/tb4_cpp_prac2/package.xml
[5.282s] Invoked command in '/home/robotai/ICTE4001/tb4_ws/build/tb4_cpp_prac2' returned '0': CMAKE_PREFIX_PATH=${CMAKE_PREFIX_PATH}:/opt/ros/humble /usr/bin/cmake --install /home/robotai/ICTE4001/tb4_ws/build/tb4_cpp_prac2
