[0.007s] Invoking command in '/home/robotai/ICTE4001/tb4_ws/build/tb4_cpp_prac1': CMAKE_PREFIX_PATH=/opt/ros/humble /usr/bin/cmake --build /home/robotai/ICTE4001/tb4_ws/build/tb4_cpp_prac1 -- -j24 -l24
[0.021s] -- Found ament_cmake: 1.3.9 (/opt/ros/humble/share/ament_cmake/cmake)
[0.078s] -- Found rclcpp: 16.0.9 (/opt/ros/humble/share/rclcpp/cmake)
[0.092s] -- Found rosidl_generator_c: 3.1.5 (/opt/ros/humble/share/rosidl_generator_c/cmake)
[0.092s] -- Found rosidl_adapter: 3.1.5 (/opt/ros/humble/share/rosidl_adapter/cmake)
[0.093s] -- Found rosidl_generator_cpp: 3.1.5 (/opt/ros/humble/share/rosidl_generator_cpp/cmake)
[0.097s] -- Using all available rosidl_typesupport_c: rosidl_typesupport_fastrtps_c;rosidl_typesupport_introspection_c
[0.103s] -- Using all available rosidl_typesupport_cpp: rosidl_typesupport_fastrtps_cpp;rosidl_typesupport_introspection_cpp
[0.129s] -- Found rmw_implementation_cmake: 6.1.2 (/opt/ros/humble/share/rmw_implementation_cmake/cmake)
[0.130s] -- Found rmw_fastrtps_cpp: 6.2.6 (/opt/ros/humble/share/rmw_fastrtps_cpp/cmake)
[0.182s] -- Using RMW implementation 'rmw_fastrtps_cpp' as default
[0.247s] -- Found irobot_create_msgs: 2.1.0 (/opt/ros/humble/share/irobot_create_msgs/cmake)
[0.341s] -- Found std_srvs: 4.2.4 (/opt/ros/humble/share/std_srvs/cmake)
[0.348s] -- Found rclcpp_action: 16.0.9 (/opt/ros/humble/share/rclcpp_action/cmake)
[0.359s] -- Found nav_msgs: 4.2.4 (/opt/ros/humble/share/nav_msgs/cmake)
[0.395s] -- Found ament_lint_auto: 0.12.11 (/opt/ros/humble/share/ament_lint_auto/cmake)
[0.424s] -- Added test 'cppcheck' to perform static code analysis on C / C++ code
[0.424s] -- Configured cppcheck include dirs: $<BUILD_INTERFACE:/home/robotai/ICTE4001/tb4_ws/src/tb4_cpp_prac1/include>
[0.424s] -- Configured cppcheck exclude dirs and/or files: 
[0.424s] -- Added test 'lint_cmake' to check CMake code style
[0.425s] -- Added test 'uncrustify' to check C / C++ code style
[0.425s] -- Configured uncrustify additional arguments: 
[0.425s] -- Added test 'xmllint' to check XML markup files
[0.425s] -- Configuring done
[0.433s] -- Generating done
[0.433s] -- Build files have been written to: /home/robotai/ICTE4001/tb4_ws/build/tb4_cpp_prac1
[0.447s] [35m[1mConsolidate compiler generated dependencies of target tb4_cpp_action_server[0m
[0.449s] [35m[1mConsolidate compiler generated dependencies of target tb4_cpp_node[0m
[0.449s] [35m[1mConsolidate compiler generated dependencies of target tb4_cpp_srv_server[0m
[0.455s] [ 16%] [32mBuilding CXX object CMakeFiles/tb4_cpp_srv_server.dir/src/tb4_cpp_srv_server.cpp.o[0m
[0.456s] [ 33%] [32mBuilding CXX object CMakeFiles/tb4_cpp_action_server.dir/src/tb4_cpp_action_server.cpp.o[0m
[0.456s] [ 50%] [32mBuilding CXX object CMakeFiles/tb4_cpp_node.dir/src/tb4_cpp_node.cpp.o[0m
[2.571s] [ 66%] [32m[1mLinking CXX executable tb4_cpp_srv_server[0m
[2.684s] [ 66%] Built target tb4_cpp_srv_server
[4.316s] [ 83%] [32m[1mLinking CXX executable tb4_cpp_node[0m
[4.509s] [ 83%] Built target tb4_cpp_node
[4.746s] [100%] [32m[1mLinking CXX executable tb4_cpp_action_server[0m
[4.945s] [100%] Built target tb4_cpp_action_server
[4.954s] Invoked command in '/home/robotai/ICTE4001/tb4_ws/build/tb4_cpp_prac1' returned '0': CMAKE_PREFIX_PATH=/opt/ros/humble /usr/bin/cmake --build /home/robotai/ICTE4001/tb4_ws/build/tb4_cpp_prac1 -- -j24 -l24
[4.974s] Invoking command in '/home/robotai/ICTE4001/tb4_ws/build/tb4_cpp_prac1': CMAKE_PREFIX_PATH=/opt/ros/humble /usr/bin/cmake --install /home/robotai/ICTE4001/tb4_ws/build/tb4_cpp_prac1
[4.974s] -- Install configuration: ""
[4.974s] -- Installing: /home/robotai/ICTE4001/tb4_ws/install/tb4_cpp_prac1/lib/tb4_cpp_prac1/tb4_cpp_node
[4.978s] -- Set runtime path of "/home/robotai/ICTE4001/tb4_ws/install/tb4_cpp_prac1/lib/tb4_cpp_prac1/tb4_cpp_node" to ""
[4.978s] -- Installing: /home/robotai/ICTE4001/tb4_ws/install/tb4_cpp_prac1/lib/tb4_cpp_prac1/tb4_cpp_srv_server
[4.979s] -- Set runtime path of "/home/robotai/ICTE4001/tb4_ws/install/tb4_cpp_prac1/lib/tb4_cpp_prac1/tb4_cpp_srv_server" to ""
[4.979s] -- Installing: /home/robotai/ICTE4001/tb4_ws/install/tb4_cpp_prac1/lib/tb4_cpp_prac1/tb4_cpp_action_server
[4.981s] -- Set runtime path of "/home/robotai/ICTE4001/tb4_ws/install/tb4_cpp_prac1/lib/tb4_cpp_prac1/tb4_cpp_action_server" to ""
[4.981s] -- Up-to-date: /home/robotai/ICTE4001/tb4_ws/install/tb4_cpp_prac1/share/ament_index/resource_index/package_run_dependencies/tb4_cpp_prac1
[4.981s] -- Up-to-date: /home/robotai/ICTE4001/tb4_ws/install/tb4_cpp_prac1/share/ament_index/resource_index/parent_prefix_path/tb4_cpp_prac1
[4.981s] -- Installing: /home/robotai/ICTE4001/tb4_ws/install/tb4_cpp_prac1/share/tb4_cpp_prac1/environment/ament_prefix_path.sh
[4.981s] -- Installing: /home/robotai/ICTE4001/tb4_ws/install/tb4_cpp_prac1/share/tb4_cpp_prac1/environment/ament_prefix_path.dsv
[4.981s] -- Installing: /home/robotai/ICTE4001/tb4_ws/install/tb4_cpp_prac1/share/tb4_cpp_prac1/environment/path.sh
[4.981s] -- Installing: /home/robotai/ICTE4001/tb4_ws/install/tb4_cpp_prac1/share/tb4_cpp_prac1/environment/path.dsv
[4.982s] -- Up-to-date: /home/robotai/ICTE4001/tb4_ws/install/tb4_cpp_prac1/share/tb4_cpp_prac1/local_setup.bash
[4.982s] -- Up-to-date: /home/robotai/ICTE4001/tb4_ws/install/tb4_cpp_prac1/share/tb4_cpp_prac1/local_setup.sh
[4.982s] -- Up-to-date: /home/robotai/ICTE4001/tb4_ws/install/tb4_cpp_prac1/share/tb4_cpp_prac1/local_setup.zsh
[4.982s] -- Installing: /home/robotai/ICTE4001/tb4_ws/install/tb4_cpp_prac1/share/tb4_cpp_prac1/local_setup.dsv
[4.982s] -- Installing: /home/robotai/ICTE4001/tb4_ws/install/tb4_cpp_prac1/share/tb4_cpp_prac1/package.dsv
[4.982s] -- Up-to-date: /home/robotai/ICTE4001/tb4_ws/install/tb4_cpp_prac1/share/ament_index/resource_index/packages/tb4_cpp_prac1
[4.982s] -- Up-to-date: /home/robotai/ICTE4001/tb4_ws/install/tb4_cpp_prac1/share/tb4_cpp_prac1/cmake/tb4_cpp_prac1Config.cmake
[4.982s] -- Up-to-date: /home/robotai/ICTE4001/tb4_ws/install/tb4_cpp_prac1/share/tb4_cpp_prac1/cmake/tb4_cpp_prac1Config-version.cmake
[4.982s] -- Up-to-date: /home/robotai/ICTE4001/tb4_ws/install/tb4_cpp_prac1/share/tb4_cpp_prac1/package.xml
[4.983s] Invoked command in '/home/robotai/ICTE4001/tb4_ws/build/tb4_cpp_prac1' returned '0': CMAKE_PREFIX_PATH=/opt/ros/humble /usr/bin/cmake --install /home/robotai/ICTE4001/tb4_ws/build/tb4_cpp_prac1
