[0.041s] DEBUG:colcon:Command line arguments: ['/usr/bin/colcon', 'build']
[0.041s] DEBUG:colcon:Parsed command line arguments: Namespace(log_base=None, log_level=None, verb_name='build', build_base='build', install_base='install', merge_install=False, symlink_install=False, test_result_base=None, continue_on_error=False, executor='parallel', parallel_workers=24, event_handlers=None, ignore_user_meta=False, metas=['./colcon.meta'], base_paths=['.'], packages_ignore=None, packages_ignore_regex=None, paths=None, packages_up_to=None, packages_up_to_regex=None, packages_above=None, packages_above_and_dependencies=None, packages_above_depth=None, packages_select_by_dep=None, packages_skip_by_dep=None, packages_skip_up_to=None, packages_select_build_failed=False, packages_skip_build_finished=False, packages_select_test_failures=False, packages_skip_test_passed=False, packages_select=None, packages_skip=None, packages_select_regex=None, packages_skip_regex=None, packages_start=None, packages_end=None, allow_overriding=[], cmake_args=None, cmake_target=None, cmake_target_skip_unavailable=False, cmake_clean_cache=False, cmake_clean_first=False, cmake_force_configure=False, ament_cmake_args=None, catkin_cmake_args=None, catkin_skip_building_tests=False, mixin_files=None, mixin=None, verb_parser=<colcon_mixin.mixin.mixin_argument.MixinArgumentDecorator object at 0x71251bf58730>, verb_extension=<colcon_core.verb.build.BuildVerb object at 0x71251bf27cd0>, main=<bound method BuildVerb.main of <colcon_core.verb.build.BuildVerb object at 0x71251bf27cd0>>, mixin_verb=('build',))
[0.095s] Level 1:colcon.colcon_core.package_discovery:discover_packages(colcon_meta) check parameters
[0.095s] Level 1:colcon.colcon_core.package_discovery:discover_packages(recursive) check parameters
[0.095s] Level 1:colcon.colcon_core.package_discovery:discover_packages(ignore) check parameters
[0.096s] Level 1:colcon.colcon_core.package_discovery:discover_packages(path) check parameters
[0.096s] Level 1:colcon.colcon_core.package_discovery:discover_packages(colcon_meta) discover
[0.096s] Level 1:colcon.colcon_core.package_discovery:discover_packages(recursive) discover
[0.096s] INFO:colcon.colcon_core.package_discovery:Crawling recursively for packages in '/home/robotai/ICTE4001/tb4_ws'
[0.096s] Level 1:colcon.colcon_core.package_identification:_identify(.) by extensions ['ignore', 'ignore_ament_install']
[0.096s] Level 1:colcon.colcon_core.package_identification:_identify(.) by extension 'ignore'
[0.096s] Level 1:colcon.colcon_core.package_identification:_identify(.) by extension 'ignore_ament_install'
[0.096s] Level 1:colcon.colcon_core.package_identification:_identify(.) by extensions ['colcon_pkg']
[0.096s] Level 1:colcon.colcon_core.package_identification:_identify(.) by extension 'colcon_pkg'
[0.096s] Level 1:colcon.colcon_core.package_identification:_identify(.) by extensions ['colcon_meta']
[0.096s] Level 1:colcon.colcon_core.package_identification:_identify(.) by extension 'colcon_meta'
[0.096s] Level 1:colcon.colcon_core.package_identification:_identify(.) by extensions ['ros']
[0.096s] Level 1:colcon.colcon_core.package_identification:_identify(.) by extension 'ros'
[0.100s] Level 1:colcon.colcon_core.package_identification:_identify(.) by extensions ['cmake', 'python']
[0.100s] Level 1:colcon.colcon_core.package_identification:_identify(.) by extension 'cmake'
[0.100s] Level 1:colcon.colcon_core.package_identification:_identify(.) by extension 'python'
[0.100s] Level 1:colcon.colcon_core.package_identification:_identify(.) by extensions ['python_setup_py']
[0.100s] Level 1:colcon.colcon_core.package_identification:_identify(.) by extension 'python_setup_py'
[0.100s] Level 1:colcon.colcon_core.package_identification:_identify(build) by extensions ['ignore', 'ignore_ament_install']
[0.100s] Level 1:colcon.colcon_core.package_identification:_identify(build) by extension 'ignore'
[0.100s] Level 1:colcon.colcon_core.package_identification:_identify(build) ignored
[0.100s] Level 1:colcon.colcon_core.package_identification:_identify(diff_drive_robot_gz_sim) by extensions ['ignore', 'ignore_ament_install']
[0.100s] Level 1:colcon.colcon_core.package_identification:_identify(diff_drive_robot_gz_sim) by extension 'ignore'
[0.100s] Level 1:colcon.colcon_core.package_identification:_identify(diff_drive_robot_gz_sim) by extension 'ignore_ament_install'
[0.100s] Level 1:colcon.colcon_core.package_identification:_identify(diff_drive_robot_gz_sim) by extensions ['colcon_pkg']
[0.100s] Level 1:colcon.colcon_core.package_identification:_identify(diff_drive_robot_gz_sim) by extension 'colcon_pkg'
[0.100s] Level 1:colcon.colcon_core.package_identification:_identify(diff_drive_robot_gz_sim) by extensions ['colcon_meta']
[0.100s] Level 1:colcon.colcon_core.package_identification:_identify(diff_drive_robot_gz_sim) by extension 'colcon_meta'
[0.100s] Level 1:colcon.colcon_core.package_identification:_identify(diff_drive_robot_gz_sim) by extensions ['ros']
[0.100s] Level 1:colcon.colcon_core.package_identification:_identify(diff_drive_robot_gz_sim) by extension 'ros'
[0.101s] DEBUG:colcon.colcon_core.package_identification:Package 'diff_drive_robot_gz_sim' with type 'ros.ament_cmake' and name 'diff_drive_robot_gz_sim'
[0.101s] Level 1:colcon.colcon_core.package_identification:_identify(install) by extensions ['ignore', 'ignore_ament_install']
[0.101s] Level 1:colcon.colcon_core.package_identification:_identify(install) by extension 'ignore'
[0.101s] Level 1:colcon.colcon_core.package_identification:_identify(install) ignored
[0.101s] Level 1:colcon.colcon_core.package_identification:_identify(log) by extensions ['ignore', 'ignore_ament_install']
[0.101s] Level 1:colcon.colcon_core.package_identification:_identify(log) by extension 'ignore'
[0.101s] Level 1:colcon.colcon_core.package_identification:_identify(log) ignored
[0.102s] Level 1:colcon.colcon_core.package_identification:_identify(src) by extensions ['ignore', 'ignore_ament_install']
[0.102s] Level 1:colcon.colcon_core.package_identification:_identify(src) by extension 'ignore'
[0.102s] Level 1:colcon.colcon_core.package_identification:_identify(src) by extension 'ignore_ament_install'
[0.102s] Level 1:colcon.colcon_core.package_identification:_identify(src) by extensions ['colcon_pkg']
[0.102s] Level 1:colcon.colcon_core.package_identification:_identify(src) by extension 'colcon_pkg'
[0.102s] Level 1:colcon.colcon_core.package_identification:_identify(src) by extensions ['colcon_meta']
[0.102s] Level 1:colcon.colcon_core.package_identification:_identify(src) by extension 'colcon_meta'
[0.102s] Level 1:colcon.colcon_core.package_identification:_identify(src) by extensions ['ros']
[0.102s] Level 1:colcon.colcon_core.package_identification:_identify(src) by extension 'ros'
[0.102s] Level 1:colcon.colcon_core.package_identification:_identify(src) by extensions ['cmake', 'python']
[0.102s] Level 1:colcon.colcon_core.package_identification:_identify(src) by extension 'cmake'
[0.102s] Level 1:colcon.colcon_core.package_identification:_identify(src) by extension 'python'
[0.102s] Level 1:colcon.colcon_core.package_identification:_identify(src) by extensions ['python_setup_py']
[0.102s] Level 1:colcon.colcon_core.package_identification:_identify(src) by extension 'python_setup_py'
[0.102s] Level 1:colcon.colcon_core.package_identification:_identify(src/tb4_cpp_prac1) by extensions ['ignore', 'ignore_ament_install']
[0.102s] Level 1:colcon.colcon_core.package_identification:_identify(src/tb4_cpp_prac1) by extension 'ignore'
[0.102s] Level 1:colcon.colcon_core.package_identification:_identify(src/tb4_cpp_prac1) by extension 'ignore_ament_install'
[0.102s] Level 1:colcon.colcon_core.package_identification:_identify(src/tb4_cpp_prac1) by extensions ['colcon_pkg']
[0.102s] Level 1:colcon.colcon_core.package_identification:_identify(src/tb4_cpp_prac1) by extension 'colcon_pkg'
[0.102s] Level 1:colcon.colcon_core.package_identification:_identify(src/tb4_cpp_prac1) by extensions ['colcon_meta']
[0.102s] Level 1:colcon.colcon_core.package_identification:_identify(src/tb4_cpp_prac1) by extension 'colcon_meta'
[0.102s] Level 1:colcon.colcon_core.package_identification:_identify(src/tb4_cpp_prac1) by extensions ['ros']
[0.102s] Level 1:colcon.colcon_core.package_identification:_identify(src/tb4_cpp_prac1) by extension 'ros'
[0.102s] DEBUG:colcon.colcon_core.package_identification:Package 'src/tb4_cpp_prac1' with type 'ros.ament_cmake' and name 'tb4_cpp_prac1'
[0.102s] Level 1:colcon.colcon_core.package_identification:_identify(src/tb4_cpp_prac2) by extensions ['ignore', 'ignore_ament_install']
[0.102s] Level 1:colcon.colcon_core.package_identification:_identify(src/tb4_cpp_prac2) by extension 'ignore'
[0.102s] Level 1:colcon.colcon_core.package_identification:_identify(src/tb4_cpp_prac2) by extension 'ignore_ament_install'
[0.102s] Level 1:colcon.colcon_core.package_identification:_identify(src/tb4_cpp_prac2) by extensions ['colcon_pkg']
[0.102s] Level 1:colcon.colcon_core.package_identification:_identify(src/tb4_cpp_prac2) by extension 'colcon_pkg'
[0.102s] Level 1:colcon.colcon_core.package_identification:_identify(src/tb4_cpp_prac2) by extensions ['colcon_meta']
[0.102s] Level 1:colcon.colcon_core.package_identification:_identify(src/tb4_cpp_prac2) by extension 'colcon_meta'
[0.102s] Level 1:colcon.colcon_core.package_identification:_identify(src/tb4_cpp_prac2) by extensions ['ros']
[0.102s] Level 1:colcon.colcon_core.package_identification:_identify(src/tb4_cpp_prac2) by extension 'ros'
[0.103s] DEBUG:colcon.colcon_core.package_identification:Package 'src/tb4_cpp_prac2' with type 'ros.ament_cmake' and name 'tb4_cpp_prac2'
[0.103s] Level 1:colcon.colcon_core.package_identification:_identify(src/tb4_cpp_prac3) by extensions ['ignore', 'ignore_ament_install']
[0.103s] Level 1:colcon.colcon_core.package_identification:_identify(src/tb4_cpp_prac3) by extension 'ignore'
[0.103s] Level 1:colcon.colcon_core.package_identification:_identify(src/tb4_cpp_prac3) by extension 'ignore_ament_install'
[0.103s] Level 1:colcon.colcon_core.package_identification:_identify(src/tb4_cpp_prac3) by extensions ['colcon_pkg']
[0.103s] Level 1:colcon.colcon_core.package_identification:_identify(src/tb4_cpp_prac3) by extension 'colcon_pkg'
[0.103s] Level 1:colcon.colcon_core.package_identification:_identify(src/tb4_cpp_prac3) by extensions ['colcon_meta']
[0.103s] Level 1:colcon.colcon_core.package_identification:_identify(src/tb4_cpp_prac3) by extension 'colcon_meta'
[0.103s] Level 1:colcon.colcon_core.package_identification:_identify(src/tb4_cpp_prac3) by extensions ['ros']
[0.103s] Level 1:colcon.colcon_core.package_identification:_identify(src/tb4_cpp_prac3) by extension 'ros'
[0.103s] DEBUG:colcon.colcon_core.package_identification:Package 'src/tb4_cpp_prac3' with type 'ros.ament_cmake' and name 'tb4_cpp_prac3'
[0.103s] Level 1:colcon.colcon_core.package_discovery:discover_packages(recursive) using defaults
[0.103s] Level 1:colcon.colcon_core.package_discovery:discover_packages(ignore) discover
[0.103s] Level 1:colcon.colcon_core.package_discovery:discover_packages(ignore) using defaults
[0.103s] Level 1:colcon.colcon_core.package_discovery:discover_packages(path) discover
[0.103s] Level 1:colcon.colcon_core.package_discovery:discover_packages(path) using defaults
[0.111s] Level 1:colcon.colcon_core.package_discovery:discover_packages(prefix_path) check parameters
[0.111s] Level 1:colcon.colcon_core.package_discovery:discover_packages(prefix_path) discover
[0.117s] DEBUG:colcon.colcon_installed_package_information.package_discovery:Found 380 installed packages in /opt/ros/humble
[0.117s] Level 1:colcon.colcon_core.package_discovery:discover_packages(prefix_path) using defaults
[0.133s] Level 5:colcon.colcon_core.verb:set package 'diff_drive_robot_gz_sim' build argument 'cmake_args' from command line to 'None'
[0.133s] Level 5:colcon.colcon_core.verb:set package 'diff_drive_robot_gz_sim' build argument 'cmake_target' from command line to 'None'
[0.133s] Level 5:colcon.colcon_core.verb:set package 'diff_drive_robot_gz_sim' build argument 'cmake_target_skip_unavailable' from command line to 'False'
[0.133s] Level 5:colcon.colcon_core.verb:set package 'diff_drive_robot_gz_sim' build argument 'cmake_clean_cache' from command line to 'False'
[0.133s] Level 5:colcon.colcon_core.verb:set package 'diff_drive_robot_gz_sim' build argument 'cmake_clean_first' from command line to 'False'
[0.133s] Level 5:colcon.colcon_core.verb:set package 'diff_drive_robot_gz_sim' build argument 'cmake_force_configure' from command line to 'False'
[0.133s] Level 5:colcon.colcon_core.verb:set package 'diff_drive_robot_gz_sim' build argument 'ament_cmake_args' from command line to 'None'
[0.133s] Level 5:colcon.colcon_core.verb:set package 'diff_drive_robot_gz_sim' build argument 'catkin_cmake_args' from command line to 'None'
[0.133s] Level 5:colcon.colcon_core.verb:set package 'diff_drive_robot_gz_sim' build argument 'catkin_skip_building_tests' from command line to 'False'
[0.133s] DEBUG:colcon.colcon_core.verb:Building package 'diff_drive_robot_gz_sim' with the following arguments: {'ament_cmake_args': None, 'build_base': '/home/robotai/ICTE4001/tb4_ws/build/diff_drive_robot_gz_sim', 'catkin_cmake_args': None, 'catkin_skip_building_tests': False, 'cmake_args': None, 'cmake_clean_cache': False, 'cmake_clean_first': False, 'cmake_force_configure': False, 'cmake_target': None, 'cmake_target_skip_unavailable': False, 'install_base': '/home/robotai/ICTE4001/tb4_ws/install/diff_drive_robot_gz_sim', 'merge_install': False, 'path': '/home/robotai/ICTE4001/tb4_ws/diff_drive_robot_gz_sim', 'symlink_install': False, 'test_result_base': None}
[0.133s] Level 5:colcon.colcon_core.verb:set package 'tb4_cpp_prac1' build argument 'cmake_args' from command line to 'None'
[0.133s] Level 5:colcon.colcon_core.verb:set package 'tb4_cpp_prac1' build argument 'cmake_target' from command line to 'None'
[0.133s] Level 5:colcon.colcon_core.verb:set package 'tb4_cpp_prac1' build argument 'cmake_target_skip_unavailable' from command line to 'False'
[0.133s] Level 5:colcon.colcon_core.verb:set package 'tb4_cpp_prac1' build argument 'cmake_clean_cache' from command line to 'False'
[0.133s] Level 5:colcon.colcon_core.verb:set package 'tb4_cpp_prac1' build argument 'cmake_clean_first' from command line to 'False'
[0.133s] Level 5:colcon.colcon_core.verb:set package 'tb4_cpp_prac1' build argument 'cmake_force_configure' from command line to 'False'
[0.133s] Level 5:colcon.colcon_core.verb:set package 'tb4_cpp_prac1' build argument 'ament_cmake_args' from command line to 'None'
[0.133s] Level 5:colcon.colcon_core.verb:set package 'tb4_cpp_prac1' build argument 'catkin_cmake_args' from command line to 'None'
[0.133s] Level 5:colcon.colcon_core.verb:set package 'tb4_cpp_prac1' build argument 'catkin_skip_building_tests' from command line to 'False'
[0.133s] DEBUG:colcon.colcon_core.verb:Building package 'tb4_cpp_prac1' with the following arguments: {'ament_cmake_args': None, 'build_base': '/home/robotai/ICTE4001/tb4_ws/build/tb4_cpp_prac1', 'catkin_cmake_args': None, 'catkin_skip_building_tests': False, 'cmake_args': None, 'cmake_clean_cache': False, 'cmake_clean_first': False, 'cmake_force_configure': False, 'cmake_target': None, 'cmake_target_skip_unavailable': False, 'install_base': '/home/robotai/ICTE4001/tb4_ws/install/tb4_cpp_prac1', 'merge_install': False, 'path': '/home/robotai/ICTE4001/tb4_ws/src/tb4_cpp_prac1', 'symlink_install': False, 'test_result_base': None}
[0.133s] Level 5:colcon.colcon_core.verb:set package 'tb4_cpp_prac2' build argument 'cmake_args' from command line to 'None'
[0.133s] Level 5:colcon.colcon_core.verb:set package 'tb4_cpp_prac2' build argument 'cmake_target' from command line to 'None'
[0.133s] Level 5:colcon.colcon_core.verb:set package 'tb4_cpp_prac2' build argument 'cmake_target_skip_unavailable' from command line to 'False'
[0.133s] Level 5:colcon.colcon_core.verb:set package 'tb4_cpp_prac2' build argument 'cmake_clean_cache' from command line to 'False'
[0.133s] Level 5:colcon.colcon_core.verb:set package 'tb4_cpp_prac2' build argument 'cmake_clean_first' from command line to 'False'
[0.133s] Level 5:colcon.colcon_core.verb:set package 'tb4_cpp_prac2' build argument 'cmake_force_configure' from command line to 'False'
[0.133s] Level 5:colcon.colcon_core.verb:set package 'tb4_cpp_prac2' build argument 'ament_cmake_args' from command line to 'None'
[0.133s] Level 5:colcon.colcon_core.verb:set package 'tb4_cpp_prac2' build argument 'catkin_cmake_args' from command line to 'None'
[0.133s] Level 5:colcon.colcon_core.verb:set package 'tb4_cpp_prac2' build argument 'catkin_skip_building_tests' from command line to 'False'
[0.133s] DEBUG:colcon.colcon_core.verb:Building package 'tb4_cpp_prac2' with the following arguments: {'ament_cmake_args': None, 'build_base': '/home/robotai/ICTE4001/tb4_ws/build/tb4_cpp_prac2', 'catkin_cmake_args': None, 'catkin_skip_building_tests': False, 'cmake_args': None, 'cmake_clean_cache': False, 'cmake_clean_first': False, 'cmake_force_configure': False, 'cmake_target': None, 'cmake_target_skip_unavailable': False, 'install_base': '/home/robotai/ICTE4001/tb4_ws/install/tb4_cpp_prac2', 'merge_install': False, 'path': '/home/robotai/ICTE4001/tb4_ws/src/tb4_cpp_prac2', 'symlink_install': False, 'test_result_base': None}
[0.134s] Level 5:colcon.colcon_core.verb:set package 'tb4_cpp_prac3' build argument 'cmake_args' from command line to 'None'
[0.134s] Level 5:colcon.colcon_core.verb:set package 'tb4_cpp_prac3' build argument 'cmake_target' from command line to 'None'
[0.134s] Level 5:colcon.colcon_core.verb:set package 'tb4_cpp_prac3' build argument 'cmake_target_skip_unavailable' from command line to 'False'
[0.134s] Level 5:colcon.colcon_core.verb:set package 'tb4_cpp_prac3' build argument 'cmake_clean_cache' from command line to 'False'
[0.134s] Level 5:colcon.colcon_core.verb:set package 'tb4_cpp_prac3' build argument 'cmake_clean_first' from command line to 'False'
[0.134s] Level 5:colcon.colcon_core.verb:set package 'tb4_cpp_prac3' build argument 'cmake_force_configure' from command line to 'False'
[0.134s] Level 5:colcon.colcon_core.verb:set package 'tb4_cpp_prac3' build argument 'ament_cmake_args' from command line to 'None'
[0.134s] Level 5:colcon.colcon_core.verb:set package 'tb4_cpp_prac3' build argument 'catkin_cmake_args' from command line to 'None'
[0.134s] Level 5:colcon.colcon_core.verb:set package 'tb4_cpp_prac3' build argument 'catkin_skip_building_tests' from command line to 'False'
[0.134s] DEBUG:colcon.colcon_core.verb:Building package 'tb4_cpp_prac3' with the following arguments: {'ament_cmake_args': None, 'build_base': '/home/robotai/ICTE4001/tb4_ws/build/tb4_cpp_prac3', 'catkin_cmake_args': None, 'catkin_skip_building_tests': False, 'cmake_args': None, 'cmake_clean_cache': False, 'cmake_clean_first': False, 'cmake_force_configure': False, 'cmake_target': None, 'cmake_target_skip_unavailable': False, 'install_base': '/home/robotai/ICTE4001/tb4_ws/install/tb4_cpp_prac3', 'merge_install': False, 'path': '/home/robotai/ICTE4001/tb4_ws/src/tb4_cpp_prac3', 'symlink_install': False, 'test_result_base': None}
[0.134s] INFO:colcon.colcon_core.executor:Executing jobs using 'parallel' executor
[0.134s] DEBUG:colcon.colcon_parallel_executor.executor.parallel:run_until_complete
[0.135s] INFO:colcon.colcon_ros.task.ament_cmake.build:Building ROS package in '/home/robotai/ICTE4001/tb4_ws/diff_drive_robot_gz_sim' with build type 'ament_cmake'
[0.135s] INFO:colcon.colcon_cmake.task.cmake.build:Building CMake package in '/home/robotai/ICTE4001/tb4_ws/diff_drive_robot_gz_sim'
[0.135s] INFO:colcon.colcon_core.plugin_system:Skipping extension 'colcon_core.shell.bat': Not used on non-Windows systems
[0.135s] INFO:colcon.colcon_core.shell:Skip shell extension 'powershell' for command environment: Not usable outside of PowerShell
[0.135s] DEBUG:colcon.colcon_core.shell:Skip shell extension 'dsv' for command environment
[0.137s] INFO:colcon.colcon_ros.task.ament_cmake.build:Building ROS package in '/home/robotai/ICTE4001/tb4_ws/src/tb4_cpp_prac1' with build type 'ament_cmake'
[0.137s] INFO:colcon.colcon_cmake.task.cmake.build:Building CMake package in '/home/robotai/ICTE4001/tb4_ws/src/tb4_cpp_prac1'
[0.137s] INFO:colcon.colcon_core.shell:Skip shell extension 'powershell' for command environment: Not usable outside of PowerShell
[0.137s] DEBUG:colcon.colcon_core.shell:Skip shell extension 'dsv' for command environment
[0.138s] INFO:colcon.colcon_ros.task.ament_cmake.build:Building ROS package in '/home/robotai/ICTE4001/tb4_ws/src/tb4_cpp_prac2' with build type 'ament_cmake'
[0.138s] INFO:colcon.colcon_cmake.task.cmake.build:Building CMake package in '/home/robotai/ICTE4001/tb4_ws/src/tb4_cpp_prac2'
[0.138s] INFO:colcon.colcon_core.shell:Skip shell extension 'powershell' for command environment: Not usable outside of PowerShell
[0.138s] DEBUG:colcon.colcon_core.shell:Skip shell extension 'dsv' for command environment
[0.139s] INFO:colcon.colcon_ros.task.ament_cmake.build:Building ROS package in '/home/robotai/ICTE4001/tb4_ws/src/tb4_cpp_prac3' with build type 'ament_cmake'
[0.139s] INFO:colcon.colcon_cmake.task.cmake.build:Building CMake package in '/home/robotai/ICTE4001/tb4_ws/src/tb4_cpp_prac3'
[0.140s] INFO:colcon.colcon_core.shell:Skip shell extension 'powershell' for command environment: Not usable outside of PowerShell
[0.140s] DEBUG:colcon.colcon_core.shell:Skip shell extension 'dsv' for command environment
[0.143s] DEBUG:colcon.colcon_core.event_handler.log_command:Invoking command in '/home/robotai/ICTE4001/tb4_ws/build/diff_drive_robot_gz_sim': CMAKE_PREFIX_PATH=/opt/ros/humble /usr/bin/cmake --build /home/robotai/ICTE4001/tb4_ws/build/diff_drive_robot_gz_sim -- -j24 -l24
[0.144s] DEBUG:colcon.colcon_core.event_handler.log_command:Invoking command in '/home/robotai/ICTE4001/tb4_ws/build/tb4_cpp_prac1': CMAKE_PREFIX_PATH=/opt/ros/humble /usr/bin/cmake --build /home/robotai/ICTE4001/tb4_ws/build/tb4_cpp_prac1 -- -j24 -l24
[0.145s] DEBUG:colcon.colcon_core.event_handler.log_command:Invoking command in '/home/robotai/ICTE4001/tb4_ws/build/tb4_cpp_prac2': CMAKE_PREFIX_PATH=/opt/ros/humble /usr/bin/cmake --build /home/robotai/ICTE4001/tb4_ws/build/tb4_cpp_prac2 -- -j24 -l24
[0.148s] DEBUG:colcon.colcon_core.event_handler.log_command:Invoking command in '/home/robotai/ICTE4001/tb4_ws/build/tb4_cpp_prac3': CMAKE_PREFIX_PATH=/opt/ros/humble /usr/bin/cmake --build /home/robotai/ICTE4001/tb4_ws/build/tb4_cpp_prac3 -- -j24 -l24
[0.255s] DEBUG:colcon.colcon_core.event_handler.log_command:Invoked command in '/home/robotai/ICTE4001/tb4_ws/build/diff_drive_robot_gz_sim' returned '0': CMAKE_PREFIX_PATH=/opt/ros/humble /usr/bin/cmake --build /home/robotai/ICTE4001/tb4_ws/build/diff_drive_robot_gz_sim -- -j24 -l24
[0.271s] DEBUG:colcon.colcon_core.event_handler.log_command:Invoking command in '/home/robotai/ICTE4001/tb4_ws/build/diff_drive_robot_gz_sim': CMAKE_PREFIX_PATH=/opt/ros/humble /usr/bin/cmake --install /home/robotai/ICTE4001/tb4_ws/build/diff_drive_robot_gz_sim
[0.275s] Level 1:colcon.colcon_core.environment:create_environment_scripts_only(diff_drive_robot_gz_sim)
[0.275s] DEBUG:colcon.colcon_core.event_handler.log_command:Invoked command in '/home/robotai/ICTE4001/tb4_ws/build/diff_drive_robot_gz_sim' returned '0': CMAKE_PREFIX_PATH=/opt/ros/humble /usr/bin/cmake --install /home/robotai/ICTE4001/tb4_ws/build/diff_drive_robot_gz_sim
[0.276s] Level 1:colcon.colcon_core.environment:checking '/home/robotai/ICTE4001/tb4_ws/install/diff_drive_robot_gz_sim' for CMake module files
[0.276s] Level 1:colcon.colcon_core.environment:checking '/home/robotai/ICTE4001/tb4_ws/install/diff_drive_robot_gz_sim' for CMake config files
[0.276s] Level 1:colcon.colcon_core.shell:create_environment_hook('diff_drive_robot_gz_sim', 'cmake_prefix_path')
[0.276s] INFO:colcon.colcon_core.shell:Creating environment hook '/home/robotai/ICTE4001/tb4_ws/install/diff_drive_robot_gz_sim/share/diff_drive_robot_gz_sim/hook/cmake_prefix_path.ps1'
[0.276s] INFO:colcon.colcon_core.shell:Creating environment descriptor '/home/robotai/ICTE4001/tb4_ws/install/diff_drive_robot_gz_sim/share/diff_drive_robot_gz_sim/hook/cmake_prefix_path.dsv'
[0.277s] INFO:colcon.colcon_core.shell:Creating environment hook '/home/robotai/ICTE4001/tb4_ws/install/diff_drive_robot_gz_sim/share/diff_drive_robot_gz_sim/hook/cmake_prefix_path.sh'
[0.277s] Level 1:colcon.colcon_core.environment:checking '/home/robotai/ICTE4001/tb4_ws/install/diff_drive_robot_gz_sim/bin'
[0.277s] Level 1:colcon.colcon_core.environment:checking '/home/robotai/ICTE4001/tb4_ws/install/diff_drive_robot_gz_sim/lib/pkgconfig/diff_drive_robot_gz_sim.pc'
[0.277s] Level 1:colcon.colcon_core.environment:checking '/home/robotai/ICTE4001/tb4_ws/install/diff_drive_robot_gz_sim/lib/python3.10/site-packages'
[0.277s] Level 1:colcon.colcon_core.environment:checking '/home/robotai/ICTE4001/tb4_ws/install/diff_drive_robot_gz_sim/bin'
[0.277s] INFO:colcon.colcon_core.shell:Creating package script '/home/robotai/ICTE4001/tb4_ws/install/diff_drive_robot_gz_sim/share/diff_drive_robot_gz_sim/package.ps1'
[0.278s] INFO:colcon.colcon_core.shell:Creating package descriptor '/home/robotai/ICTE4001/tb4_ws/install/diff_drive_robot_gz_sim/share/diff_drive_robot_gz_sim/package.dsv'
[0.278s] INFO:colcon.colcon_core.shell:Creating package script '/home/robotai/ICTE4001/tb4_ws/install/diff_drive_robot_gz_sim/share/diff_drive_robot_gz_sim/package.sh'
[0.278s] INFO:colcon.colcon_core.shell:Creating package script '/home/robotai/ICTE4001/tb4_ws/install/diff_drive_robot_gz_sim/share/diff_drive_robot_gz_sim/package.bash'
[0.278s] INFO:colcon.colcon_core.shell:Creating package script '/home/robotai/ICTE4001/tb4_ws/install/diff_drive_robot_gz_sim/share/diff_drive_robot_gz_sim/package.zsh'
[0.279s] Level 1:colcon.colcon_core.environment:create_file_with_runtime_dependencies(/home/robotai/ICTE4001/tb4_ws/install/diff_drive_robot_gz_sim/share/colcon-core/packages/diff_drive_robot_gz_sim)
[0.289s] Level 1:colcon.colcon_core.environment:create_environment_scripts_only(diff_drive_robot_gz_sim)
[0.289s] Level 1:colcon.colcon_core.environment:checking '/home/robotai/ICTE4001/tb4_ws/install/diff_drive_robot_gz_sim' for CMake module files
[0.289s] Level 1:colcon.colcon_core.environment:checking '/home/robotai/ICTE4001/tb4_ws/install/diff_drive_robot_gz_sim' for CMake config files
[0.289s] Level 1:colcon.colcon_core.shell:create_environment_hook('diff_drive_robot_gz_sim', 'cmake_prefix_path')
[0.289s] INFO:colcon.colcon_core.shell:Creating environment hook '/home/robotai/ICTE4001/tb4_ws/install/diff_drive_robot_gz_sim/share/diff_drive_robot_gz_sim/hook/cmake_prefix_path.ps1'
[0.289s] INFO:colcon.colcon_core.shell:Creating environment descriptor '/home/robotai/ICTE4001/tb4_ws/install/diff_drive_robot_gz_sim/share/diff_drive_robot_gz_sim/hook/cmake_prefix_path.dsv'
[0.289s] INFO:colcon.colcon_core.shell:Creating environment hook '/home/robotai/ICTE4001/tb4_ws/install/diff_drive_robot_gz_sim/share/diff_drive_robot_gz_sim/hook/cmake_prefix_path.sh'
[0.290s] Level 1:colcon.colcon_core.environment:checking '/home/robotai/ICTE4001/tb4_ws/install/diff_drive_robot_gz_sim/bin'
[0.290s] Level 1:colcon.colcon_core.environment:checking '/home/robotai/ICTE4001/tb4_ws/install/diff_drive_robot_gz_sim/lib/pkgconfig/diff_drive_robot_gz_sim.pc'
[0.290s] Level 1:colcon.colcon_core.environment:checking '/home/robotai/ICTE4001/tb4_ws/install/diff_drive_robot_gz_sim/lib/python3.10/site-packages'
[0.290s] Level 1:colcon.colcon_core.environment:checking '/home/robotai/ICTE4001/tb4_ws/install/diff_drive_robot_gz_sim/bin'
[0.290s] INFO:colcon.colcon_core.shell:Creating package script '/home/robotai/ICTE4001/tb4_ws/install/diff_drive_robot_gz_sim/share/diff_drive_robot_gz_sim/package.ps1'
[0.290s] INFO:colcon.colcon_core.shell:Creating package descriptor '/home/robotai/ICTE4001/tb4_ws/install/diff_drive_robot_gz_sim/share/diff_drive_robot_gz_sim/package.dsv'
[0.290s] INFO:colcon.colcon_core.shell:Creating package script '/home/robotai/ICTE4001/tb4_ws/install/diff_drive_robot_gz_sim/share/diff_drive_robot_gz_sim/package.sh'
[0.291s] INFO:colcon.colcon_core.shell:Creating package script '/home/robotai/ICTE4001/tb4_ws/install/diff_drive_robot_gz_sim/share/diff_drive_robot_gz_sim/package.bash'
[0.291s] INFO:colcon.colcon_core.shell:Creating package script '/home/robotai/ICTE4001/tb4_ws/install/diff_drive_robot_gz_sim/share/diff_drive_robot_gz_sim/package.zsh'
[0.291s] Level 1:colcon.colcon_core.environment:create_file_with_runtime_dependencies(/home/robotai/ICTE4001/tb4_ws/install/diff_drive_robot_gz_sim/share/colcon-core/packages/diff_drive_robot_gz_sim)
[4.629s] DEBUG:colcon.colcon_core.event_handler.log_command:Invoked command in '/home/robotai/ICTE4001/tb4_ws/build/tb4_cpp_prac3' returned '0': CMAKE_PREFIX_PATH=/opt/ros/humble /usr/bin/cmake --build /home/robotai/ICTE4001/tb4_ws/build/tb4_cpp_prac3 -- -j24 -l24
[4.645s] DEBUG:colcon.colcon_core.event_handler.log_command:Invoking command in '/home/robotai/ICTE4001/tb4_ws/build/tb4_cpp_prac3': CMAKE_PREFIX_PATH=/opt/ros/humble /usr/bin/cmake --install /home/robotai/ICTE4001/tb4_ws/build/tb4_cpp_prac3
[4.654s] Level 1:colcon.colcon_core.environment:create_environment_scripts_only(tb4_cpp_prac3)
[4.654s] Level 1:colcon.colcon_core.environment:checking '/home/robotai/ICTE4001/tb4_ws/install/tb4_cpp_prac3' for CMake module files
[4.654s] DEBUG:colcon.colcon_core.event_handler.log_command:Invoked command in '/home/robotai/ICTE4001/tb4_ws/build/tb4_cpp_prac3' returned '0': CMAKE_PREFIX_PATH=/opt/ros/humble /usr/bin/cmake --install /home/robotai/ICTE4001/tb4_ws/build/tb4_cpp_prac3
[4.654s] Level 1:colcon.colcon_core.environment:checking '/home/robotai/ICTE4001/tb4_ws/install/tb4_cpp_prac3' for CMake config files
[4.655s] Level 1:colcon.colcon_core.shell:create_environment_hook('tb4_cpp_prac3', 'cmake_prefix_path')
[4.655s] INFO:colcon.colcon_core.shell:Creating environment hook '/home/robotai/ICTE4001/tb4_ws/install/tb4_cpp_prac3/share/tb4_cpp_prac3/hook/cmake_prefix_path.ps1'
[4.655s] INFO:colcon.colcon_core.shell:Creating environment descriptor '/home/robotai/ICTE4001/tb4_ws/install/tb4_cpp_prac3/share/tb4_cpp_prac3/hook/cmake_prefix_path.dsv'
[4.655s] INFO:colcon.colcon_core.shell:Creating environment hook '/home/robotai/ICTE4001/tb4_ws/install/tb4_cpp_prac3/share/tb4_cpp_prac3/hook/cmake_prefix_path.sh'
[4.655s] Level 1:colcon.colcon_core.environment:checking '/home/robotai/ICTE4001/tb4_ws/install/tb4_cpp_prac3/lib'
[4.655s] Level 1:colcon.colcon_core.environment:checking '/home/robotai/ICTE4001/tb4_ws/install/tb4_cpp_prac3/bin'
[4.655s] Level 1:colcon.colcon_core.environment:checking '/home/robotai/ICTE4001/tb4_ws/install/tb4_cpp_prac3/lib/pkgconfig/tb4_cpp_prac3.pc'
[4.655s] Level 1:colcon.colcon_core.environment:checking '/home/robotai/ICTE4001/tb4_ws/install/tb4_cpp_prac3/lib/python3.10/site-packages'
[4.655s] Level 1:colcon.colcon_core.environment:checking '/home/robotai/ICTE4001/tb4_ws/install/tb4_cpp_prac3/bin'
[4.656s] INFO:colcon.colcon_core.shell:Creating package script '/home/robotai/ICTE4001/tb4_ws/install/tb4_cpp_prac3/share/tb4_cpp_prac3/package.ps1'
[4.656s] INFO:colcon.colcon_core.shell:Creating package descriptor '/home/robotai/ICTE4001/tb4_ws/install/tb4_cpp_prac3/share/tb4_cpp_prac3/package.dsv'
[4.656s] INFO:colcon.colcon_core.shell:Creating package script '/home/robotai/ICTE4001/tb4_ws/install/tb4_cpp_prac3/share/tb4_cpp_prac3/package.sh'
[4.656s] INFO:colcon.colcon_core.shell:Creating package script '/home/robotai/ICTE4001/tb4_ws/install/tb4_cpp_prac3/share/tb4_cpp_prac3/package.bash'
[4.656s] INFO:colcon.colcon_core.shell:Creating package script '/home/robotai/ICTE4001/tb4_ws/install/tb4_cpp_prac3/share/tb4_cpp_prac3/package.zsh'
[4.656s] Level 1:colcon.colcon_core.environment:create_file_with_runtime_dependencies(/home/robotai/ICTE4001/tb4_ws/install/tb4_cpp_prac3/share/colcon-core/packages/tb4_cpp_prac3)
[4.670s] Level 1:colcon.colcon_core.environment:create_environment_scripts_only(tb4_cpp_prac3)
[4.670s] Level 1:colcon.colcon_core.environment:checking '/home/robotai/ICTE4001/tb4_ws/install/tb4_cpp_prac3' for CMake module files
[4.671s] Level 1:colcon.colcon_core.environment:checking '/home/robotai/ICTE4001/tb4_ws/install/tb4_cpp_prac3' for CMake config files
[4.671s] Level 1:colcon.colcon_core.shell:create_environment_hook('tb4_cpp_prac3', 'cmake_prefix_path')
[4.671s] INFO:colcon.colcon_core.shell:Creating environment hook '/home/robotai/ICTE4001/tb4_ws/install/tb4_cpp_prac3/share/tb4_cpp_prac3/hook/cmake_prefix_path.ps1'
[4.671s] INFO:colcon.colcon_core.shell:Creating environment descriptor '/home/robotai/ICTE4001/tb4_ws/install/tb4_cpp_prac3/share/tb4_cpp_prac3/hook/cmake_prefix_path.dsv'
[4.671s] INFO:colcon.colcon_core.shell:Creating environment hook '/home/robotai/ICTE4001/tb4_ws/install/tb4_cpp_prac3/share/tb4_cpp_prac3/hook/cmake_prefix_path.sh'
[4.671s] Level 1:colcon.colcon_core.environment:checking '/home/robotai/ICTE4001/tb4_ws/install/tb4_cpp_prac3/lib'
[4.671s] Level 1:colcon.colcon_core.environment:checking '/home/robotai/ICTE4001/tb4_ws/install/tb4_cpp_prac3/bin'
[4.671s] Level 1:colcon.colcon_core.environment:checking '/home/robotai/ICTE4001/tb4_ws/install/tb4_cpp_prac3/lib/pkgconfig/tb4_cpp_prac3.pc'
[4.671s] Level 1:colcon.colcon_core.environment:checking '/home/robotai/ICTE4001/tb4_ws/install/tb4_cpp_prac3/lib/python3.10/site-packages'
[4.672s] Level 1:colcon.colcon_core.environment:checking '/home/robotai/ICTE4001/tb4_ws/install/tb4_cpp_prac3/bin'
[4.672s] INFO:colcon.colcon_core.shell:Creating package script '/home/robotai/ICTE4001/tb4_ws/install/tb4_cpp_prac3/share/tb4_cpp_prac3/package.ps1'
[4.672s] INFO:colcon.colcon_core.shell:Creating package descriptor '/home/robotai/ICTE4001/tb4_ws/install/tb4_cpp_prac3/share/tb4_cpp_prac3/package.dsv'
[4.672s] INFO:colcon.colcon_core.shell:Creating package script '/home/robotai/ICTE4001/tb4_ws/install/tb4_cpp_prac3/share/tb4_cpp_prac3/package.sh'
[4.672s] INFO:colcon.colcon_core.shell:Creating package script '/home/robotai/ICTE4001/tb4_ws/install/tb4_cpp_prac3/share/tb4_cpp_prac3/package.bash'
[4.672s] INFO:colcon.colcon_core.shell:Creating package script '/home/robotai/ICTE4001/tb4_ws/install/tb4_cpp_prac3/share/tb4_cpp_prac3/package.zsh'
[4.672s] Level 1:colcon.colcon_core.environment:create_file_with_runtime_dependencies(/home/robotai/ICTE4001/tb4_ws/install/tb4_cpp_prac3/share/colcon-core/packages/tb4_cpp_prac3)
[5.005s] DEBUG:colcon.colcon_core.event_handler.log_command:Invoked command in '/home/robotai/ICTE4001/tb4_ws/build/tb4_cpp_prac2' returned '0': CMAKE_PREFIX_PATH=/opt/ros/humble /usr/bin/cmake --build /home/robotai/ICTE4001/tb4_ws/build/tb4_cpp_prac2 -- -j24 -l24
[5.017s] DEBUG:colcon.colcon_core.event_handler.log_command:Invoking command in '/home/robotai/ICTE4001/tb4_ws/build/tb4_cpp_prac2': CMAKE_PREFIX_PATH=/opt/ros/humble /usr/bin/cmake --install /home/robotai/ICTE4001/tb4_ws/build/tb4_cpp_prac2
[5.024s] Level 1:colcon.colcon_core.environment:create_environment_scripts_only(tb4_cpp_prac2)
[5.024s] Level 1:colcon.colcon_core.environment:checking '/home/robotai/ICTE4001/tb4_ws/install/tb4_cpp_prac2' for CMake module files
[5.024s] DEBUG:colcon.colcon_core.event_handler.log_command:Invoked command in '/home/robotai/ICTE4001/tb4_ws/build/tb4_cpp_prac2' returned '0': CMAKE_PREFIX_PATH=/opt/ros/humble /usr/bin/cmake --install /home/robotai/ICTE4001/tb4_ws/build/tb4_cpp_prac2
[5.024s] Level 1:colcon.colcon_core.environment:checking '/home/robotai/ICTE4001/tb4_ws/install/tb4_cpp_prac2' for CMake config files
[5.024s] Level 1:colcon.colcon_core.shell:create_environment_hook('tb4_cpp_prac2', 'cmake_prefix_path')
[5.024s] INFO:colcon.colcon_core.shell:Creating environment hook '/home/robotai/ICTE4001/tb4_ws/install/tb4_cpp_prac2/share/tb4_cpp_prac2/hook/cmake_prefix_path.ps1'
[5.025s] INFO:colcon.colcon_core.shell:Creating environment descriptor '/home/robotai/ICTE4001/tb4_ws/install/tb4_cpp_prac2/share/tb4_cpp_prac2/hook/cmake_prefix_path.dsv'
[5.025s] INFO:colcon.colcon_core.shell:Creating environment hook '/home/robotai/ICTE4001/tb4_ws/install/tb4_cpp_prac2/share/tb4_cpp_prac2/hook/cmake_prefix_path.sh'
[5.025s] Level 1:colcon.colcon_core.environment:checking '/home/robotai/ICTE4001/tb4_ws/install/tb4_cpp_prac2/lib'
[5.025s] Level 1:colcon.colcon_core.environment:checking '/home/robotai/ICTE4001/tb4_ws/install/tb4_cpp_prac2/bin'
[5.025s] Level 1:colcon.colcon_core.environment:checking '/home/robotai/ICTE4001/tb4_ws/install/tb4_cpp_prac2/lib/pkgconfig/tb4_cpp_prac2.pc'
[5.025s] Level 1:colcon.colcon_core.environment:checking '/home/robotai/ICTE4001/tb4_ws/install/tb4_cpp_prac2/lib/python3.10/site-packages'
[5.025s] Level 1:colcon.colcon_core.environment:checking '/home/robotai/ICTE4001/tb4_ws/install/tb4_cpp_prac2/bin'
[5.025s] INFO:colcon.colcon_core.shell:Creating package script '/home/robotai/ICTE4001/tb4_ws/install/tb4_cpp_prac2/share/tb4_cpp_prac2/package.ps1'
[5.025s] INFO:colcon.colcon_core.shell:Creating package descriptor '/home/robotai/ICTE4001/tb4_ws/install/tb4_cpp_prac2/share/tb4_cpp_prac2/package.dsv'
[5.026s] INFO:colcon.colcon_core.shell:Creating package script '/home/robotai/ICTE4001/tb4_ws/install/tb4_cpp_prac2/share/tb4_cpp_prac2/package.sh'
[5.026s] INFO:colcon.colcon_core.shell:Creating package script '/home/robotai/ICTE4001/tb4_ws/install/tb4_cpp_prac2/share/tb4_cpp_prac2/package.bash'
[5.026s] INFO:colcon.colcon_core.shell:Creating package script '/home/robotai/ICTE4001/tb4_ws/install/tb4_cpp_prac2/share/tb4_cpp_prac2/package.zsh'
[5.026s] Level 1:colcon.colcon_core.environment:create_file_with_runtime_dependencies(/home/robotai/ICTE4001/tb4_ws/install/tb4_cpp_prac2/share/colcon-core/packages/tb4_cpp_prac2)
[5.038s] Level 1:colcon.colcon_core.environment:create_environment_scripts_only(tb4_cpp_prac2)
[5.038s] Level 1:colcon.colcon_core.environment:checking '/home/robotai/ICTE4001/tb4_ws/install/tb4_cpp_prac2' for CMake module files
[5.038s] Level 1:colcon.colcon_core.environment:checking '/home/robotai/ICTE4001/tb4_ws/install/tb4_cpp_prac2' for CMake config files
[5.038s] Level 1:colcon.colcon_core.shell:create_environment_hook('tb4_cpp_prac2', 'cmake_prefix_path')
[5.038s] INFO:colcon.colcon_core.shell:Creating environment hook '/home/robotai/ICTE4001/tb4_ws/install/tb4_cpp_prac2/share/tb4_cpp_prac2/hook/cmake_prefix_path.ps1'
[5.039s] INFO:colcon.colcon_core.shell:Creating environment descriptor '/home/robotai/ICTE4001/tb4_ws/install/tb4_cpp_prac2/share/tb4_cpp_prac2/hook/cmake_prefix_path.dsv'
[5.039s] INFO:colcon.colcon_core.shell:Creating environment hook '/home/robotai/ICTE4001/tb4_ws/install/tb4_cpp_prac2/share/tb4_cpp_prac2/hook/cmake_prefix_path.sh'
[5.039s] Level 1:colcon.colcon_core.environment:checking '/home/robotai/ICTE4001/tb4_ws/install/tb4_cpp_prac2/lib'
[5.039s] Level 1:colcon.colcon_core.environment:checking '/home/robotai/ICTE4001/tb4_ws/install/tb4_cpp_prac2/bin'
[5.039s] Level 1:colcon.colcon_core.environment:checking '/home/robotai/ICTE4001/tb4_ws/install/tb4_cpp_prac2/lib/pkgconfig/tb4_cpp_prac2.pc'
[5.039s] Level 1:colcon.colcon_core.environment:checking '/home/robotai/ICTE4001/tb4_ws/install/tb4_cpp_prac2/lib/python3.10/site-packages'
[5.039s] Level 1:colcon.colcon_core.environment:checking '/home/robotai/ICTE4001/tb4_ws/install/tb4_cpp_prac2/bin'
[5.039s] INFO:colcon.colcon_core.shell:Creating package script '/home/robotai/ICTE4001/tb4_ws/install/tb4_cpp_prac2/share/tb4_cpp_prac2/package.ps1'
[5.039s] INFO:colcon.colcon_core.shell:Creating package descriptor '/home/robotai/ICTE4001/tb4_ws/install/tb4_cpp_prac2/share/tb4_cpp_prac2/package.dsv'
[5.040s] INFO:colcon.colcon_core.shell:Creating package script '/home/robotai/ICTE4001/tb4_ws/install/tb4_cpp_prac2/share/tb4_cpp_prac2/package.sh'
[5.040s] INFO:colcon.colcon_core.shell:Creating package script '/home/robotai/ICTE4001/tb4_ws/install/tb4_cpp_prac2/share/tb4_cpp_prac2/package.bash'
[5.040s] INFO:colcon.colcon_core.shell:Creating package script '/home/robotai/ICTE4001/tb4_ws/install/tb4_cpp_prac2/share/tb4_cpp_prac2/package.zsh'
[5.040s] Level 1:colcon.colcon_core.environment:create_file_with_runtime_dependencies(/home/robotai/ICTE4001/tb4_ws/install/tb4_cpp_prac2/share/colcon-core/packages/tb4_cpp_prac2)
[5.091s] DEBUG:colcon.colcon_core.event_handler.log_command:Invoked command in '/home/robotai/ICTE4001/tb4_ws/build/tb4_cpp_prac1' returned '0': CMAKE_PREFIX_PATH=/opt/ros/humble /usr/bin/cmake --build /home/robotai/ICTE4001/tb4_ws/build/tb4_cpp_prac1 -- -j24 -l24
[5.111s] DEBUG:colcon.colcon_core.event_handler.log_command:Invoking command in '/home/robotai/ICTE4001/tb4_ws/build/tb4_cpp_prac1': CMAKE_PREFIX_PATH=/opt/ros/humble /usr/bin/cmake --install /home/robotai/ICTE4001/tb4_ws/build/tb4_cpp_prac1
[5.120s] Level 1:colcon.colcon_core.environment:create_environment_scripts_only(tb4_cpp_prac1)
[5.120s] DEBUG:colcon.colcon_core.event_handler.log_command:Invoked command in '/home/robotai/ICTE4001/tb4_ws/build/tb4_cpp_prac1' returned '0': CMAKE_PREFIX_PATH=/opt/ros/humble /usr/bin/cmake --install /home/robotai/ICTE4001/tb4_ws/build/tb4_cpp_prac1
[5.120s] Level 1:colcon.colcon_core.environment:checking '/home/robotai/ICTE4001/tb4_ws/install/tb4_cpp_prac1' for CMake module files
[5.120s] Level 1:colcon.colcon_core.environment:checking '/home/robotai/ICTE4001/tb4_ws/install/tb4_cpp_prac1' for CMake config files
[5.120s] Level 1:colcon.colcon_core.shell:create_environment_hook('tb4_cpp_prac1', 'cmake_prefix_path')
[5.120s] INFO:colcon.colcon_core.shell:Creating environment hook '/home/robotai/ICTE4001/tb4_ws/install/tb4_cpp_prac1/share/tb4_cpp_prac1/hook/cmake_prefix_path.ps1'
[5.121s] INFO:colcon.colcon_core.shell:Creating environment descriptor '/home/robotai/ICTE4001/tb4_ws/install/tb4_cpp_prac1/share/tb4_cpp_prac1/hook/cmake_prefix_path.dsv'
[5.121s] INFO:colcon.colcon_core.shell:Creating environment hook '/home/robotai/ICTE4001/tb4_ws/install/tb4_cpp_prac1/share/tb4_cpp_prac1/hook/cmake_prefix_path.sh'
[5.121s] Level 1:colcon.colcon_core.environment:checking '/home/robotai/ICTE4001/tb4_ws/install/tb4_cpp_prac1/lib'
[5.121s] Level 1:colcon.colcon_core.environment:checking '/home/robotai/ICTE4001/tb4_ws/install/tb4_cpp_prac1/bin'
[5.121s] Level 1:colcon.colcon_core.environment:checking '/home/robotai/ICTE4001/tb4_ws/install/tb4_cpp_prac1/lib/pkgconfig/tb4_cpp_prac1.pc'
[5.121s] Level 1:colcon.colcon_core.environment:checking '/home/robotai/ICTE4001/tb4_ws/install/tb4_cpp_prac1/lib/python3.10/site-packages'
[5.121s] Level 1:colcon.colcon_core.environment:checking '/home/robotai/ICTE4001/tb4_ws/install/tb4_cpp_prac1/bin'
[5.121s] INFO:colcon.colcon_core.shell:Creating package script '/home/robotai/ICTE4001/tb4_ws/install/tb4_cpp_prac1/share/tb4_cpp_prac1/package.ps1'
[5.121s] INFO:colcon.colcon_core.shell:Creating package descriptor '/home/robotai/ICTE4001/tb4_ws/install/tb4_cpp_prac1/share/tb4_cpp_prac1/package.dsv'
[5.122s] INFO:colcon.colcon_core.shell:Creating package script '/home/robotai/ICTE4001/tb4_ws/install/tb4_cpp_prac1/share/tb4_cpp_prac1/package.sh'
[5.122s] INFO:colcon.colcon_core.shell:Creating package script '/home/robotai/ICTE4001/tb4_ws/install/tb4_cpp_prac1/share/tb4_cpp_prac1/package.bash'
[5.122s] INFO:colcon.colcon_core.shell:Creating package script '/home/robotai/ICTE4001/tb4_ws/install/tb4_cpp_prac1/share/tb4_cpp_prac1/package.zsh'
[5.122s] Level 1:colcon.colcon_core.environment:create_file_with_runtime_dependencies(/home/robotai/ICTE4001/tb4_ws/install/tb4_cpp_prac1/share/colcon-core/packages/tb4_cpp_prac1)
[5.138s] Level 1:colcon.colcon_core.environment:create_environment_scripts_only(tb4_cpp_prac1)
[5.138s] Level 1:colcon.colcon_core.environment:checking '/home/robotai/ICTE4001/tb4_ws/install/tb4_cpp_prac1' for CMake module files
[5.138s] Level 1:colcon.colcon_core.environment:checking '/home/robotai/ICTE4001/tb4_ws/install/tb4_cpp_prac1' for CMake config files
[5.138s] Level 1:colcon.colcon_core.shell:create_environment_hook('tb4_cpp_prac1', 'cmake_prefix_path')
[5.138s] INFO:colcon.colcon_core.shell:Creating environment hook '/home/robotai/ICTE4001/tb4_ws/install/tb4_cpp_prac1/share/tb4_cpp_prac1/hook/cmake_prefix_path.ps1'
[5.138s] INFO:colcon.colcon_core.shell:Creating environment descriptor '/home/robotai/ICTE4001/tb4_ws/install/tb4_cpp_prac1/share/tb4_cpp_prac1/hook/cmake_prefix_path.dsv'
[5.139s] INFO:colcon.colcon_core.shell:Creating environment hook '/home/robotai/ICTE4001/tb4_ws/install/tb4_cpp_prac1/share/tb4_cpp_prac1/hook/cmake_prefix_path.sh'
[5.139s] Level 1:colcon.colcon_core.environment:checking '/home/robotai/ICTE4001/tb4_ws/install/tb4_cpp_prac1/lib'
[5.139s] Level 1:colcon.colcon_core.environment:checking '/home/robotai/ICTE4001/tb4_ws/install/tb4_cpp_prac1/bin'
[5.139s] Level 1:colcon.colcon_core.environment:checking '/home/robotai/ICTE4001/tb4_ws/install/tb4_cpp_prac1/lib/pkgconfig/tb4_cpp_prac1.pc'
[5.139s] Level 1:colcon.colcon_core.environment:checking '/home/robotai/ICTE4001/tb4_ws/install/tb4_cpp_prac1/lib/python3.10/site-packages'
[5.139s] Level 1:colcon.colcon_core.environment:checking '/home/robotai/ICTE4001/tb4_ws/install/tb4_cpp_prac1/bin'
[5.139s] INFO:colcon.colcon_core.shell:Creating package script '/home/robotai/ICTE4001/tb4_ws/install/tb4_cpp_prac1/share/tb4_cpp_prac1/package.ps1'
[5.139s] INFO:colcon.colcon_core.shell:Creating package descriptor '/home/robotai/ICTE4001/tb4_ws/install/tb4_cpp_prac1/share/tb4_cpp_prac1/package.dsv'
[5.140s] INFO:colcon.colcon_core.shell:Creating package script '/home/robotai/ICTE4001/tb4_ws/install/tb4_cpp_prac1/share/tb4_cpp_prac1/package.sh'
[5.140s] INFO:colcon.colcon_core.shell:Creating package script '/home/robotai/ICTE4001/tb4_ws/install/tb4_cpp_prac1/share/tb4_cpp_prac1/package.bash'
[5.140s] INFO:colcon.colcon_core.shell:Creating package script '/home/robotai/ICTE4001/tb4_ws/install/tb4_cpp_prac1/share/tb4_cpp_prac1/package.zsh'
[5.140s] Level 1:colcon.colcon_core.environment:create_file_with_runtime_dependencies(/home/robotai/ICTE4001/tb4_ws/install/tb4_cpp_prac1/share/colcon-core/packages/tb4_cpp_prac1)
[5.140s] DEBUG:colcon.colcon_parallel_executor.executor.parallel:closing loop
[5.140s] DEBUG:colcon.colcon_parallel_executor.executor.parallel:loop closed
[5.140s] DEBUG:colcon.colcon_parallel_executor.executor.parallel:run_until_complete finished with '0'
[5.140s] DEBUG:colcon.colcon_core.event_reactor:joining thread
[5.143s] INFO:colcon.colcon_core.plugin_system:Skipping extension 'colcon_notification.desktop_notification.terminal_notifier': Not used on non-Darwin systems
[5.143s] INFO:colcon.colcon_core.plugin_system:Skipping extension 'colcon_notification.desktop_notification.win32': Not used on non-Windows systems
[5.143s] INFO:colcon.colcon_notification.desktop_notification:Sending desktop notification using 'notify2'
[5.150s] DEBUG:colcon.colcon_core.event_reactor:joined thread
[5.151s] INFO:colcon.colcon_core.shell:Creating prefix script '/home/robotai/ICTE4001/tb4_ws/install/local_setup.ps1'
[5.151s] INFO:colcon.colcon_core.shell:Creating prefix util module '/home/robotai/ICTE4001/tb4_ws/install/_local_setup_util_ps1.py'
[5.151s] INFO:colcon.colcon_core.shell:Creating prefix chain script '/home/robotai/ICTE4001/tb4_ws/install/setup.ps1'
[5.152s] INFO:colcon.colcon_core.shell:Creating prefix script '/home/robotai/ICTE4001/tb4_ws/install/local_setup.sh'
[5.152s] INFO:colcon.colcon_core.shell:Creating prefix util module '/home/robotai/ICTE4001/tb4_ws/install/_local_setup_util_sh.py'
[5.152s] INFO:colcon.colcon_core.shell:Creating prefix chain script '/home/robotai/ICTE4001/tb4_ws/install/setup.sh'
[5.152s] INFO:colcon.colcon_core.shell:Creating prefix script '/home/robotai/ICTE4001/tb4_ws/install/local_setup.bash'
[5.152s] INFO:colcon.colcon_core.shell:Creating prefix chain script '/home/robotai/ICTE4001/tb4_ws/install/setup.bash'
[5.153s] INFO:colcon.colcon_core.shell:Creating prefix script '/home/robotai/ICTE4001/tb4_ws/install/local_setup.zsh'
[5.153s] INFO:colcon.colcon_core.shell:Creating prefix chain script '/home/robotai/ICTE4001/tb4_ws/install/setup.zsh'
